Archive member included because of file (symbol)

c:/program files (x86)/atmel/atmel toolchain/avr8 gcc/native/3.4.1061/avr8-gnu-toolchain/bin/../lib/gcc/avr/4.8.1/avr51\libgcc.a(_udivmodsi4.o)
                              mbrtu.o (__udivmodsi4)
c:/program files (x86)/atmel/atmel toolchain/avr8 gcc/native/3.4.1061/avr8-gnu-toolchain/bin/../lib/gcc/avr/4.8.1/avr51\libgcc.a(_exit.o)
                              c:/program files (x86)/atmel/atmel toolchain/avr8 gcc/native/3.4.1061/avr8-gnu-toolchain/bin/../lib/gcc/avr/4.8.1/../../../../avr/lib/avr51/crtm128.o (exit)
c:/program files (x86)/atmel/atmel toolchain/avr8 gcc/native/3.4.1061/avr8-gnu-toolchain/bin/../lib/gcc/avr/4.8.1/avr51\libgcc.a(_copy_data.o)
                              mb.o (__do_copy_data)
c:/program files (x86)/atmel/atmel toolchain/avr8 gcc/native/3.4.1061/avr8-gnu-toolchain/bin/../lib/gcc/avr/4.8.1/avr51\libgcc.a(_clear_bss.o)
                              demo.o (__do_clear_bss)
c:/program files (x86)/atmel/atmel toolchain/avr8 gcc/native/3.4.1061/avr8-gnu-toolchain/bin/../lib/gcc/avr/4.8.1/avr51\libgcc.a(_umulhisi3.o)
                              porttimer.o (__umulhisi3)
c:/program files (x86)/atmel/atmel toolchain/avr8 gcc/native/3.4.1061/avr8-gnu-toolchain/bin/../lib/gcc/avr/4.8.1/../../../../avr/lib/avr51\libc.a(memcpy.o)
                              mbfuncother.o (memcpy)

Allocating common symbols
Common symbol       size              file

pxMBFrameCBTransmitterEmpty
                    0x2               mb.o
pxMBPortCBTimerExpired
                    0x2               mb.o
ucRTUBuf            0x100             mbrtu.o
pxMBFrameCBByteReceived
                    0x2               mb.o
pxMBFrameCBTransmitFSMCur
                    0x2               mb.o
pxMBFrameCBReceiveFSMCur
                    0x2               mb.o

Discarded input sections

 .data          0x00000000        0x0 c:/program files (x86)/atmel/atmel toolchain/avr8 gcc/native/3.4.1061/avr8-gnu-toolchain/bin/../lib/gcc/avr/4.8.1/../../../../avr/lib/avr51/crtm128.o
 .bss           0x00000000        0x0 c:/program files (x86)/atmel/atmel toolchain/avr8 gcc/native/3.4.1061/avr8-gnu-toolchain/bin/../lib/gcc/avr/4.8.1/../../../../avr/lib/avr51/crtm128.o
 .text          0x00000000        0x0 demo.o
 .data          0x00000000        0x0 demo.o
 .bss           0x00000000        0x0 demo.o
 .text          0x00000000        0x0 mb.o
 .data          0x00000000        0x0 mb.o
 .bss           0x00000000        0x0 mb.o
 .text.eMBRegisterCB
                0x00000000       0xca mb.o
 .text.eMBClose
                0x00000000       0x22 mb.o
 .text.eMBDisable
                0x00000000       0x28 mb.o
 .text          0x00000000        0x0 mbascii.o
 .data          0x00000000        0x0 mbascii.o
 .bss           0x00000000        0x0 mbascii.o
 .bss.ucLRC     0x00000000        0x1 mbascii.o
 .text          0x00000000        0x0 mbcrc.o
 .data          0x00000000        0x0 mbcrc.o
 .bss           0x00000000        0x0 mbcrc.o
 .text          0x00000000        0x0 mbfunccoils.o
 .data          0x00000000        0x0 mbfunccoils.o
 .bss           0x00000000        0x0 mbfunccoils.o
 .text          0x00000000        0x0 mbfuncdiag.o
 .data          0x00000000        0x0 mbfuncdiag.o
 .bss           0x00000000        0x0 mbfuncdiag.o
 .debug_line    0x00000000        0x0 mbfuncdiag.o
 .debug_str     0x00000000        0x0 mbfuncdiag.o
 .comment       0x00000000       0x31 mbfuncdiag.o
 .text          0x00000000        0x0 mbfuncdisc.o
 .data          0x00000000        0x0 mbfuncdisc.o
 .bss           0x00000000        0x0 mbfuncdisc.o
 .text          0x00000000        0x0 mbfuncholding.o
 .data          0x00000000        0x0 mbfuncholding.o
 .bss           0x00000000        0x0 mbfuncholding.o
 .text          0x00000000        0x0 mbfuncinput.o
 .data          0x00000000        0x0 mbfuncinput.o
 .bss           0x00000000        0x0 mbfuncinput.o
 .text          0x00000000        0x0 mbfuncother.o
 .data          0x00000000        0x0 mbfuncother.o
 .bss           0x00000000        0x0 mbfuncother.o
 .text          0x00000000        0x0 mbrtu.o
 .data          0x00000000        0x0 mbrtu.o
 .bss           0x00000000        0x0 mbrtu.o
 .text          0x00000000        0x0 mbutils.o
 .data          0x00000000        0x0 mbutils.o
 .bss           0x00000000        0x0 mbutils.o
 .text.xMBUtilSetBits
                0x00000000       0x78 mbutils.o
 .text.xMBUtilGetBits
                0x00000000       0x50 mbutils.o
 .text          0x00000000        0x0 portevent.o
 .data          0x00000000        0x0 portevent.o
 .bss           0x00000000        0x0 portevent.o
 .text          0x00000000        0x0 portserial.o
 .data          0x00000000        0x0 portserial.o
 .bss           0x00000000        0x0 portserial.o
 .text.USART_UDRE_vect
                0x00000000       0x56 portserial.o
 .text.USART_RXC_vect
                0x00000000       0x56 portserial.o
 .text          0x00000000        0x0 porttimer.o
 .data          0x00000000        0x0 porttimer.o
 .bss           0x00000000        0x0 porttimer.o
 .text          0x00000000        0x0 c:/program files (x86)/atmel/atmel toolchain/avr8 gcc/native/3.4.1061/avr8-gnu-toolchain/bin/../lib/gcc/avr/4.8.1/avr51\libgcc.a(_udivmodsi4.o)
 .data          0x00000000        0x0 c:/program files (x86)/atmel/atmel toolchain/avr8 gcc/native/3.4.1061/avr8-gnu-toolchain/bin/../lib/gcc/avr/4.8.1/avr51\libgcc.a(_udivmodsi4.o)
 .bss           0x00000000        0x0 c:/program files (x86)/atmel/atmel toolchain/avr8 gcc/native/3.4.1061/avr8-gnu-toolchain/bin/../lib/gcc/avr/4.8.1/avr51\libgcc.a(_udivmodsi4.o)
 .text.libgcc.mul
                0x00000000        0x0 c:/program files (x86)/atmel/atmel toolchain/avr8 gcc/native/3.4.1061/avr8-gnu-toolchain/bin/../lib/gcc/avr/4.8.1/avr51\libgcc.a(_udivmodsi4.o)
 .text.libgcc   0x00000000        0x0 c:/program files (x86)/atmel/atmel toolchain/avr8 gcc/native/3.4.1061/avr8-gnu-toolchain/bin/../lib/gcc/avr/4.8.1/avr51\libgcc.a(_udivmodsi4.o)
 .text.libgcc.prologue
                0x00000000        0x0 c:/program files (x86)/atmel/atmel toolchain/avr8 gcc/native/3.4.1061/avr8-gnu-toolchain/bin/../lib/gcc/avr/4.8.1/avr51\libgcc.a(_udivmodsi4.o)
 .text.libgcc.builtins
                0x00000000        0x0 c:/program files (x86)/atmel/atmel toolchain/avr8 gcc/native/3.4.1061/avr8-gnu-toolchain/bin/../lib/gcc/avr/4.8.1/avr51\libgcc.a(_udivmodsi4.o)
 .text.libgcc.fmul
                0x00000000        0x0 c:/program files (x86)/atmel/atmel toolchain/avr8 gcc/native/3.4.1061/avr8-gnu-toolchain/bin/../lib/gcc/avr/4.8.1/avr51\libgcc.a(_udivmodsi4.o)
 .text.libgcc.fixed
                0x00000000        0x0 c:/program files (x86)/atmel/atmel toolchain/avr8 gcc/native/3.4.1061/avr8-gnu-toolchain/bin/../lib/gcc/avr/4.8.1/avr51\libgcc.a(_udivmodsi4.o)
 .text          0x00000000        0x0 c:/program files (x86)/atmel/atmel toolchain/avr8 gcc/native/3.4.1061/avr8-gnu-toolchain/bin/../lib/gcc/avr/4.8.1/avr51\libgcc.a(_exit.o)
 .data          0x00000000        0x0 c:/program files (x86)/atmel/atmel toolchain/avr8 gcc/native/3.4.1061/avr8-gnu-toolchain/bin/../lib/gcc/avr/4.8.1/avr51\libgcc.a(_exit.o)
 .bss           0x00000000        0x0 c:/program files (x86)/atmel/atmel toolchain/avr8 gcc/native/3.4.1061/avr8-gnu-toolchain/bin/../lib/gcc/avr/4.8.1/avr51\libgcc.a(_exit.o)
 .text.libgcc.mul
                0x00000000        0x0 c:/program files (x86)/atmel/atmel toolchain/avr8 gcc/native/3.4.1061/avr8-gnu-toolchain/bin/../lib/gcc/avr/4.8.1/avr51\libgcc.a(_exit.o)
 .text.libgcc.div
                0x00000000        0x0 c:/program files (x86)/atmel/atmel toolchain/avr8 gcc/native/3.4.1061/avr8-gnu-toolchain/bin/../lib/gcc/avr/4.8.1/avr51\libgcc.a(_exit.o)
 .text.libgcc   0x00000000        0x0 c:/program files (x86)/atmel/atmel toolchain/avr8 gcc/native/3.4.1061/avr8-gnu-toolchain/bin/../lib/gcc/avr/4.8.1/avr51\libgcc.a(_exit.o)
 .text.libgcc.prologue
                0x00000000        0x0 c:/program files (x86)/atmel/atmel toolchain/avr8 gcc/native/3.4.1061/avr8-gnu-toolchain/bin/../lib/gcc/avr/4.8.1/avr51\libgcc.a(_exit.o)
 .text.libgcc.builtins
                0x00000000        0x0 c:/program files (x86)/atmel/atmel toolchain/avr8 gcc/native/3.4.1061/avr8-gnu-toolchain/bin/../lib/gcc/avr/4.8.1/avr51\libgcc.a(_exit.o)
 .text.libgcc.fmul
                0x00000000        0x0 c:/program files (x86)/atmel/atmel toolchain/avr8 gcc/native/3.4.1061/avr8-gnu-toolchain/bin/../lib/gcc/avr/4.8.1/avr51\libgcc.a(_exit.o)
 .text.libgcc.fixed
                0x00000000        0x0 c:/program files (x86)/atmel/atmel toolchain/avr8 gcc/native/3.4.1061/avr8-gnu-toolchain/bin/../lib/gcc/avr/4.8.1/avr51\libgcc.a(_exit.o)
 .text          0x00000000        0x0 c:/program files (x86)/atmel/atmel toolchain/avr8 gcc/native/3.4.1061/avr8-gnu-toolchain/bin/../lib/gcc/avr/4.8.1/avr51\libgcc.a(_copy_data.o)
 .data          0x00000000        0x0 c:/program files (x86)/atmel/atmel toolchain/avr8 gcc/native/3.4.1061/avr8-gnu-toolchain/bin/../lib/gcc/avr/4.8.1/avr51\libgcc.a(_copy_data.o)
 .bss           0x00000000        0x0 c:/program files (x86)/atmel/atmel toolchain/avr8 gcc/native/3.4.1061/avr8-gnu-toolchain/bin/../lib/gcc/avr/4.8.1/avr51\libgcc.a(_copy_data.o)
 .text.libgcc.mul
                0x00000000        0x0 c:/program files (x86)/atmel/atmel toolchain/avr8 gcc/native/3.4.1061/avr8-gnu-toolchain/bin/../lib/gcc/avr/4.8.1/avr51\libgcc.a(_copy_data.o)
 .text.libgcc.div
                0x00000000        0x0 c:/program files (x86)/atmel/atmel toolchain/avr8 gcc/native/3.4.1061/avr8-gnu-toolchain/bin/../lib/gcc/avr/4.8.1/avr51\libgcc.a(_copy_data.o)
 .text.libgcc   0x00000000        0x0 c:/program files (x86)/atmel/atmel toolchain/avr8 gcc/native/3.4.1061/avr8-gnu-toolchain/bin/../lib/gcc/avr/4.8.1/avr51\libgcc.a(_copy_data.o)
 .text.libgcc.prologue
                0x00000000        0x0 c:/program files (x86)/atmel/atmel toolchain/avr8 gcc/native/3.4.1061/avr8-gnu-toolchain/bin/../lib/gcc/avr/4.8.1/avr51\libgcc.a(_copy_data.o)
 .text.libgcc.builtins
                0x00000000        0x0 c:/program files (x86)/atmel/atmel toolchain/avr8 gcc/native/3.4.1061/avr8-gnu-toolchain/bin/../lib/gcc/avr/4.8.1/avr51\libgcc.a(_copy_data.o)
 .text.libgcc.fmul
                0x00000000        0x0 c:/program files (x86)/atmel/atmel toolchain/avr8 gcc/native/3.4.1061/avr8-gnu-toolchain/bin/../lib/gcc/avr/4.8.1/avr51\libgcc.a(_copy_data.o)
 .text.libgcc.fixed
                0x00000000        0x0 c:/program files (x86)/atmel/atmel toolchain/avr8 gcc/native/3.4.1061/avr8-gnu-toolchain/bin/../lib/gcc/avr/4.8.1/avr51\libgcc.a(_copy_data.o)
 .text          0x00000000        0x0 c:/program files (x86)/atmel/atmel toolchain/avr8 gcc/native/3.4.1061/avr8-gnu-toolchain/bin/../lib/gcc/avr/4.8.1/avr51\libgcc.a(_clear_bss.o)
 .data          0x00000000        0x0 c:/program files (x86)/atmel/atmel toolchain/avr8 gcc/native/3.4.1061/avr8-gnu-toolchain/bin/../lib/gcc/avr/4.8.1/avr51\libgcc.a(_clear_bss.o)
 .bss           0x00000000        0x0 c:/program files (x86)/atmel/atmel toolchain/avr8 gcc/native/3.4.1061/avr8-gnu-toolchain/bin/../lib/gcc/avr/4.8.1/avr51\libgcc.a(_clear_bss.o)
 .text.libgcc.mul
                0x00000000        0x0 c:/program files (x86)/atmel/atmel toolchain/avr8 gcc/native/3.4.1061/avr8-gnu-toolchain/bin/../lib/gcc/avr/4.8.1/avr51\libgcc.a(_clear_bss.o)
 .text.libgcc.div
                0x00000000        0x0 c:/program files (x86)/atmel/atmel toolchain/avr8 gcc/native/3.4.1061/avr8-gnu-toolchain/bin/../lib/gcc/avr/4.8.1/avr51\libgcc.a(_clear_bss.o)
 .text.libgcc   0x00000000        0x0 c:/program files (x86)/atmel/atmel toolchain/avr8 gcc/native/3.4.1061/avr8-gnu-toolchain/bin/../lib/gcc/avr/4.8.1/avr51\libgcc.a(_clear_bss.o)
 .text.libgcc.prologue
                0x00000000        0x0 c:/program files (x86)/atmel/atmel toolchain/avr8 gcc/native/3.4.1061/avr8-gnu-toolchain/bin/../lib/gcc/avr/4.8.1/avr51\libgcc.a(_clear_bss.o)
 .text.libgcc.builtins
                0x00000000        0x0 c:/program files (x86)/atmel/atmel toolchain/avr8 gcc/native/3.4.1061/avr8-gnu-toolchain/bin/../lib/gcc/avr/4.8.1/avr51\libgcc.a(_clear_bss.o)
 .text.libgcc.fmul
                0x00000000        0x0 c:/program files (x86)/atmel/atmel toolchain/avr8 gcc/native/3.4.1061/avr8-gnu-toolchain/bin/../lib/gcc/avr/4.8.1/avr51\libgcc.a(_clear_bss.o)
 .text.libgcc.fixed
                0x00000000        0x0 c:/program files (x86)/atmel/atmel toolchain/avr8 gcc/native/3.4.1061/avr8-gnu-toolchain/bin/../lib/gcc/avr/4.8.1/avr51\libgcc.a(_clear_bss.o)
 .text          0x00000000        0x0 c:/program files (x86)/atmel/atmel toolchain/avr8 gcc/native/3.4.1061/avr8-gnu-toolchain/bin/../lib/gcc/avr/4.8.1/avr51\libgcc.a(_umulhisi3.o)
 .data          0x00000000        0x0 c:/program files (x86)/atmel/atmel toolchain/avr8 gcc/native/3.4.1061/avr8-gnu-toolchain/bin/../lib/gcc/avr/4.8.1/avr51\libgcc.a(_umulhisi3.o)
 .bss           0x00000000        0x0 c:/program files (x86)/atmel/atmel toolchain/avr8 gcc/native/3.4.1061/avr8-gnu-toolchain/bin/../lib/gcc/avr/4.8.1/avr51\libgcc.a(_umulhisi3.o)
 .text.libgcc.div
                0x00000000        0x0 c:/program files (x86)/atmel/atmel toolchain/avr8 gcc/native/3.4.1061/avr8-gnu-toolchain/bin/../lib/gcc/avr/4.8.1/avr51\libgcc.a(_umulhisi3.o)
 .text.libgcc   0x00000000        0x0 c:/program files (x86)/atmel/atmel toolchain/avr8 gcc/native/3.4.1061/avr8-gnu-toolchain/bin/../lib/gcc/avr/4.8.1/avr51\libgcc.a(_umulhisi3.o)
 .text.libgcc.prologue
                0x00000000        0x0 c:/program files (x86)/atmel/atmel toolchain/avr8 gcc/native/3.4.1061/avr8-gnu-toolchain/bin/../lib/gcc/avr/4.8.1/avr51\libgcc.a(_umulhisi3.o)
 .text.libgcc.builtins
                0x00000000        0x0 c:/program files (x86)/atmel/atmel toolchain/avr8 gcc/native/3.4.1061/avr8-gnu-toolchain/bin/../lib/gcc/avr/4.8.1/avr51\libgcc.a(_umulhisi3.o)
 .text.libgcc.fmul
                0x00000000        0x0 c:/program files (x86)/atmel/atmel toolchain/avr8 gcc/native/3.4.1061/avr8-gnu-toolchain/bin/../lib/gcc/avr/4.8.1/avr51\libgcc.a(_umulhisi3.o)
 .text.libgcc.fixed
                0x00000000        0x0 c:/program files (x86)/atmel/atmel toolchain/avr8 gcc/native/3.4.1061/avr8-gnu-toolchain/bin/../lib/gcc/avr/4.8.1/avr51\libgcc.a(_umulhisi3.o)
 .text          0x00000000        0x0 c:/program files (x86)/atmel/atmel toolchain/avr8 gcc/native/3.4.1061/avr8-gnu-toolchain/bin/../lib/gcc/avr/4.8.1/../../../../avr/lib/avr51\libc.a(memcpy.o)
 .data          0x00000000        0x0 c:/program files (x86)/atmel/atmel toolchain/avr8 gcc/native/3.4.1061/avr8-gnu-toolchain/bin/../lib/gcc/avr/4.8.1/../../../../avr/lib/avr51\libc.a(memcpy.o)
 .bss           0x00000000        0x0 c:/program files (x86)/atmel/atmel toolchain/avr8 gcc/native/3.4.1061/avr8-gnu-toolchain/bin/../lib/gcc/avr/4.8.1/../../../../avr/lib/avr51\libc.a(memcpy.o)

Memory Configuration

Name             Origin             Length             Attributes
text             0x00000000         0x00020000         xr
data             0x00800100         0x0000ff00         rw !x
eeprom           0x00810000         0x00010000         rw !x
fuse             0x00820000         0x00000400         rw !x
lock             0x00830000         0x00000400         rw !x
signature        0x00840000         0x00000400         rw !x
user_signatures  0x00850000         0x00000400         rw !x
*default*        0x00000000         0xffffffff

Linker script and memory map

Address of section .data set to 0x800100
LOAD c:/program files (x86)/atmel/atmel toolchain/avr8 gcc/native/3.4.1061/avr8-gnu-toolchain/bin/../lib/gcc/avr/4.8.1/../../../../avr/lib/avr51/crtm128.o
LOAD demo.o
LOAD mb.o
LOAD mbascii.o
LOAD mbcrc.o
LOAD mbfunccoils.o
LOAD mbfuncdiag.o
LOAD mbfuncdisc.o
LOAD mbfuncholding.o
LOAD mbfuncinput.o
LOAD mbfuncother.o
LOAD mbrtu.o
LOAD mbutils.o
LOAD portevent.o
LOAD portserial.o
LOAD porttimer.o
START GROUP
LOAD c:/program files (x86)/atmel/atmel toolchain/avr8 gcc/native/3.4.1061/avr8-gnu-toolchain/bin/../lib/gcc/avr/4.8.1/../../../../avr/lib/avr51\libm.a
END GROUP
LOAD c:/program files (x86)/atmel/atmel toolchain/avr8 gcc/native/3.4.1061/avr8-gnu-toolchain/bin/../lib/gcc/avr/4.8.1/avr51\libgcc.a
LOAD c:/program files (x86)/atmel/atmel toolchain/avr8 gcc/native/3.4.1061/avr8-gnu-toolchain/bin/../lib/gcc/avr/4.8.1/../../../../avr/lib/avr51\libm.a
START GROUP
LOAD c:/program files (x86)/atmel/atmel toolchain/avr8 gcc/native/3.4.1061/avr8-gnu-toolchain/bin/../lib/gcc/avr/4.8.1/avr51\libgcc.a
LOAD c:/program files (x86)/atmel/atmel toolchain/avr8 gcc/native/3.4.1061/avr8-gnu-toolchain/bin/../lib/gcc/avr/4.8.1/../../../../avr/lib/avr51\libm.a
LOAD c:/program files (x86)/atmel/atmel toolchain/avr8 gcc/native/3.4.1061/avr8-gnu-toolchain/bin/../lib/gcc/avr/4.8.1/../../../../avr/lib/avr51\libc.a
END GROUP

.hash
 *(.hash)

.dynsym
 *(.dynsym)

.dynstr
 *(.dynstr)

.gnu.version
 *(.gnu.version)

.gnu.version_d
 *(.gnu.version_d)

.gnu.version_r
 *(.gnu.version_r)

.rel.init
 *(.rel.init)

.rela.init
 *(.rela.init)

.rel.text
 *(.rel.text)
 *(.rel.text.*)
 *(.rel.gnu.linkonce.t*)

.rela.text
 *(.rela.text)
 *(.rela.text.*)
 *(.rela.gnu.linkonce.t*)

.rel.fini
 *(.rel.fini)

.rela.fini
 *(.rela.fini)

.rel.rodata
 *(.rel.rodata)
 *(.rel.rodata.*)
 *(.rel.gnu.linkonce.r*)

.rela.rodata
 *(.rela.rodata)
 *(.rela.rodata.*)
 *(.rela.gnu.linkonce.r*)

.rel.data
 *(.rel.data)
 *(.rel.data.*)
 *(.rel.gnu.linkonce.d*)

.rela.data
 *(.rela.data)
 *(.rela.data.*)
 *(.rela.gnu.linkonce.d*)

.rel.ctors
 *(.rel.ctors)

.rela.ctors
 *(.rela.ctors)

.rel.dtors
 *(.rel.dtors)

.rela.dtors
 *(.rela.dtors)

.rel.got
 *(.rel.got)

.rela.got
 *(.rela.got)

.rel.bss
 *(.rel.bss)

.rela.bss
 *(.rela.bss)

.rel.plt
 *(.rel.plt)

.rela.plt
 *(.rela.plt)

.text           0x00000000     0x131e
 *(.vectors)
 .vectors       0x00000000       0x8c c:/program files (x86)/atmel/atmel toolchain/avr8 gcc/native/3.4.1061/avr8-gnu-toolchain/bin/../lib/gcc/avr/4.8.1/../../../../avr/lib/avr51/crtm128.o
                0x00000000                __vector_default
                0x00000000                __vectors
 *(.vectors)
 *(.progmem.gcc*)
                0x0000008c                . = ALIGN (0x2)
                0x0000008c                __trampolines_start = .
 *(.trampolines)
 .trampolines   0x0000008c        0x0 linker stubs
 *(.trampolines*)
                0x0000008c                __trampolines_end = .
 *(.progmem*)
                0x0000008c                . = ALIGN (0x2)
 *(.jumptables)
 *(.jumptables*)
 *(.lowtext)
 *(.lowtext*)
                0x0000008c                __ctors_start = .
 *(.ctors)
                0x0000008c                __ctors_end = .
                0x0000008c                __dtors_start = .
 *(.dtors)
                0x0000008c                __dtors_end = .
 SORT(*)(.ctors)
 SORT(*)(.dtors)
 *(.init0)
 .init0         0x0000008c        0x0 c:/program files (x86)/atmel/atmel toolchain/avr8 gcc/native/3.4.1061/avr8-gnu-toolchain/bin/../lib/gcc/avr/4.8.1/../../../../avr/lib/avr51/crtm128.o
                0x0000008c                __init
 *(.init0)
 *(.init1)
 *(.init1)
 *(.init2)
 .init2         0x0000008c        0xc c:/program files (x86)/atmel/atmel toolchain/avr8 gcc/native/3.4.1061/avr8-gnu-toolchain/bin/../lib/gcc/avr/4.8.1/../../../../avr/lib/avr51/crtm128.o
 *(.init2)
 *(.init3)
 *(.init3)
 *(.init4)
 .init4         0x00000098       0x1a c:/program files (x86)/atmel/atmel toolchain/avr8 gcc/native/3.4.1061/avr8-gnu-toolchain/bin/../lib/gcc/avr/4.8.1/avr51\libgcc.a(_copy_data.o)
                0x00000098                __do_copy_data
 .init4         0x000000b2       0x10 c:/program files (x86)/atmel/atmel toolchain/avr8 gcc/native/3.4.1061/avr8-gnu-toolchain/bin/../lib/gcc/avr/4.8.1/avr51\libgcc.a(_clear_bss.o)
                0x000000b2                __do_clear_bss
 *(.init4)
 *(.init5)
 *(.init5)
 *(.init6)
 *(.init6)
 *(.init7)
 *(.init7)
 *(.init8)
 *(.init8)
 *(.init9)
 .init9         0x000000c2        0x6 c:/program files (x86)/atmel/atmel toolchain/avr8 gcc/native/3.4.1061/avr8-gnu-toolchain/bin/../lib/gcc/avr/4.8.1/../../../../avr/lib/avr51/crtm128.o
 *(.init9)
 *(.text)
 .text          0x000000c8        0x2 c:/program files (x86)/atmel/atmel toolchain/avr8 gcc/native/3.4.1061/avr8-gnu-toolchain/bin/../lib/gcc/avr/4.8.1/../../../../avr/lib/avr51/crtm128.o
                0x000000c8                __vector_22
                0x000000c8                __vector_28
                0x000000c8                __vector_1
                0x000000c8                __vector_32
                0x000000c8                __vector_34
                0x000000c8                __vector_24
                0x000000c8                __bad_interrupt
                0x000000c8                __vector_6
                0x000000c8                __vector_31
                0x000000c8                __vector_3
                0x000000c8                __vector_23
                0x000000c8                __vector_30
                0x000000c8                __vector_25
                0x000000c8                __vector_11
                0x000000c8                __vector_13
                0x000000c8                __vector_17
                0x000000c8                __vector_19
                0x000000c8                __vector_7
                0x000000c8                __vector_27
                0x000000c8                __vector_5
                0x000000c8                __vector_33
                0x000000c8                __vector_4
                0x000000c8                __vector_9
                0x000000c8                __vector_2
                0x000000c8                __vector_21
                0x000000c8                __vector_15
                0x000000c8                __vector_29
                0x000000c8                __vector_8
                0x000000c8                __vector_26
                0x000000c8                __vector_14
                0x000000c8                __vector_10
                0x000000c8                __vector_16
                0x000000c8                __vector_18
                0x000000c8                __vector_20
                0x000000ca                . = ALIGN (0x2)
 *(.text.*)
 .text.main     0x000000ca       0x56 demo.o
                0x000000ca                main
 .text.eMBRegInputCB
                0x00000120       0x54 demo.o
                0x00000120                eMBRegInputCB
 .text.eMBRegHoldingCB
                0x00000174        0x4 demo.o
                0x00000174                eMBRegHoldingCB
 .text.eMBRegCoilsCB
                0x00000178        0x4 demo.o
                0x00000178                eMBRegCoilsCB
 .text.eMBRegDiscreteCB
                0x0000017c        0x4 demo.o
                0x0000017c                eMBRegDiscreteCB
 .text.eMBInit  0x00000180      0x120 mb.o
                0x00000180                eMBInit
 .text.eMBEnable
                0x000002a0       0x1e mb.o
                0x000002a0                eMBEnable
 .text.eMBPoll  0x000002be      0x158 mb.o
                0x000002be                eMBPoll
 .text.eMBASCIIInit
                0x00000416       0x32 mbascii.o
                0x00000416                eMBASCIIInit
 .text.eMBASCIIStart
                0x00000448       0x14 mbascii.o
                0x00000448                eMBASCIIStart
 .text.eMBASCIIStop
                0x0000045c        0xe mbascii.o
                0x0000045c                eMBASCIIStop
 .text.eMBASCIIReceive
                0x0000046a       0x66 mbascii.o
                0x0000046a                eMBASCIIReceive
 .text.eMBASCIISend
                0x000004d0       0x96 mbascii.o
                0x000004d0                eMBASCIISend
 .text.xMBASCIIReceiveFSM
                0x00000566      0x140 mbascii.o
                0x00000566                xMBASCIIReceiveFSM
 .text.xMBASCIITransmitFSM
                0x000006a6      0x11e mbascii.o
                0x000006a6                xMBASCIITransmitFSM
 .text.xMBASCIITimerT1SExpired
                0x000007c4       0x14 mbascii.o
                0x000007c4                xMBASCIITimerT1SExpired
 .text.usMBCRC16
                0x000007d8       0x3c mbcrc.o
                0x000007d8                usMBCRC16
 .text.eMBFuncReadCoils
                0x00000814       0xcc mbfunccoils.o
                0x00000814                eMBFuncReadCoils
 .text.eMBFuncWriteCoil
                0x000008e0       0x6e mbfunccoils.o
                0x000008e0                eMBFuncWriteCoil
 .text.eMBFuncWriteMultipleCoils
                0x0000094e       0xa8 mbfunccoils.o
                0x0000094e                eMBFuncWriteMultipleCoils
 .text.eMBFuncReadDiscreteInputs
                0x000009f6       0xca mbfuncdisc.o
                0x000009f6                eMBFuncReadDiscreteInputs
 .text.eMBFuncWriteHoldingRegister
                0x00000ac0       0x38 mbfuncholding.o
                0x00000ac0                eMBFuncWriteHoldingRegister
 .text.eMBFuncWriteMultipleHoldingRegister
                0x00000af8       0x7c mbfuncholding.o
                0x00000af8                eMBFuncWriteMultipleHoldingRegister
 .text.eMBFuncReadHoldingRegister
                0x00000b74       0x8c mbfuncholding.o
                0x00000b74                eMBFuncReadHoldingRegister
 .text.eMBFuncReadWriteMultipleHoldingRegister
                0x00000c00       0xf0 mbfuncholding.o
                0x00000c00                eMBFuncReadWriteMultipleHoldingRegister
 .text.eMBFuncReadInputRegister
                0x00000cf0       0x92 mbfuncinput.o
                0x00000cf0                eMBFuncReadInputRegister
 .text.eMBSetSlaveID
                0x00000d82       0x56 mbfuncother.o
                0x00000d82                eMBSetSlaveID
 .text.eMBFuncReportSlaveID
                0x00000dd8       0x30 mbfuncother.o
                0x00000dd8                eMBFuncReportSlaveID
 .text.eMBRTUInit
                0x00000e08       0x6e mbrtu.o
                0x00000e08                eMBRTUInit
 .text.eMBRTUStart
                0x00000e76       0x12 mbrtu.o
                0x00000e76                eMBRTUStart
 .text.eMBRTUStop
                0x00000e88        0xe mbrtu.o
                0x00000e88                eMBRTUStop
 .text.eMBRTUReceive
                0x00000e96       0x6e mbrtu.o
                0x00000e96                eMBRTUReceive
 .text.eMBRTUSend
                0x00000f04       0x9a mbrtu.o
                0x00000f04                eMBRTUSend
 .text.xMBRTUReceiveFSM
                0x00000f9e       0xa2 mbrtu.o
                0x00000f9e                xMBRTUReceiveFSM
 .text.xMBRTUTransmitFSM
                0x00001040       0x74 mbrtu.o
                0x00001040                xMBRTUTransmitFSM
 .text.xMBRTUTimerT35Expired
                0x000010b4       0x30 mbrtu.o
                0x000010b4                xMBRTUTimerT35Expired
 .text.prveMBError2Exception
                0x000010e4       0x1c mbutils.o
                0x000010e4                prveMBError2Exception
 .text.xMBPortEventInit
                0x00001100        0x8 portevent.o
                0x00001100                xMBPortEventInit
 .text.xMBPortEventPost
                0x00001108        0xe portevent.o
                0x00001108                xMBPortEventPost
 .text.xMBPortEventGet
                0x00001116       0x1c portevent.o
                0x00001116                xMBPortEventGet
 .text.vMBPortSerialEnable
                0x00001132       0x24 portserial.o
                0x00001132                vMBPortSerialEnable
 .text.xMBPortSerialInit
                0x00001156       0x74 portserial.o
                0x00001156                xMBPortSerialInit
 .text.xMBPortSerialPutByte
                0x000011ca        0x6 portserial.o
                0x000011ca                xMBPortSerialPutByte
 .text.xMBPortSerialGetByte
                0x000011d0        0xa portserial.o
                0x000011d0                xMBPortSerialGetByte
 .text.xMBPortTimersInit
                0x000011da       0x38 porttimer.o
                0x000011da                xMBPortTimersInit
 .text.vMBPortTimersEnable
                0x00001212       0x2a porttimer.o
                0x00001212                vMBPortTimersEnable
 .text.vMBPortTimersDisable
                0x0000123c       0x14 porttimer.o
                0x0000123c                vMBPortTimersDisable
 .text.__vector_12
                0x00001250       0x56 porttimer.o
                0x00001250                __vector_12
 .text.libgcc.div
                0x000012a6       0x44 c:/program files (x86)/atmel/atmel toolchain/avr8 gcc/native/3.4.1061/avr8-gnu-toolchain/bin/../lib/gcc/avr/4.8.1/avr51\libgcc.a(_udivmodsi4.o)
                0x000012a6                __udivmodsi4
 .text.libgcc.mul
                0x000012ea       0x1e c:/program files (x86)/atmel/atmel toolchain/avr8 gcc/native/3.4.1061/avr8-gnu-toolchain/bin/../lib/gcc/avr/4.8.1/avr51\libgcc.a(_umulhisi3.o)
                0x000012ea                __umulhisi3
 .text.avr-libc
                0x00001308       0x12 c:/program files (x86)/atmel/atmel toolchain/avr8 gcc/native/3.4.1061/avr8-gnu-toolchain/bin/../lib/gcc/avr/4.8.1/../../../../avr/lib/avr51\libc.a(memcpy.o)
                0x00001308                memcpy
                0x0000131a                . = ALIGN (0x2)
 *(.fini9)
 .fini9         0x0000131a        0x0 c:/program files (x86)/atmel/atmel toolchain/avr8 gcc/native/3.4.1061/avr8-gnu-toolchain/bin/../lib/gcc/avr/4.8.1/avr51\libgcc.a(_exit.o)
                0x0000131a                _exit
                0x0000131a                exit
 *(.fini9)
 *(.fini8)
 *(.fini8)
 *(.fini7)
 *(.fini7)
 *(.fini6)
 *(.fini6)
 *(.fini5)
 *(.fini5)
 *(.fini4)
 *(.fini4)
 *(.fini3)
 *(.fini3)
 *(.fini2)
 *(.fini2)
 *(.fini1)
 *(.fini1)
 *(.fini0)
 .fini0         0x0000131a        0x4 c:/program files (x86)/atmel/atmel toolchain/avr8 gcc/native/3.4.1061/avr8-gnu-toolchain/bin/../lib/gcc/avr/4.8.1/avr51\libgcc.a(_exit.o)
 *(.fini0)
                0x0000131e                _etext = .

.data           0x00800100      0x232 load address 0x0000131e
                0x00800100                PROVIDE (__data_start, .)
 *(.data)
 *(.data*)
 .data.xFuncHandlers
                0x00800100       0x30 mb.o
 .data.eMBState
                0x00800130        0x1 mb.o
 *(.rodata)
 *(.rodata*)
 .rodata.aucCRCLo
                0x00800131      0x100 mbcrc.o
 .rodata.aucCRCHi
                0x00800231      0x100 mbcrc.o
 *(.gnu.linkonce.d*)
                0x00800332                . = ALIGN (0x2)
 *fill*         0x00800331        0x1 
                0x00800332                _edata = .
                0x00800332                PROVIDE (__data_end, .)

.bss            0x00800332      0x15d
                0x00800332                PROVIDE (__bss_start, .)
 *(.bss)
 *(.bss*)
 .bss.usRegInputBuf
                0x00800332        0x8 demo.o
 .bss.eException.2045
                0x0080033a        0x1 mb.o
 .bss.ucFunctionCode.2043
                0x0080033b        0x1 mb.o
 .bss.usLength.2044
                0x0080033c        0x2 mb.o
 .bss.ucMBFrame.2041
                0x0080033e        0x2 mb.o
 .bss.ucRcvAddress.2042
                0x00800340        0x1 mb.o
 .bss.pvMBFrameCloseCur
                0x00800341        0x2 mb.o
 .bss.peMBFrameReceiveCur
                0x00800343        0x2 mb.o
 .bss.pvMBFrameStopCur
                0x00800345        0x2 mb.o
 .bss.pvMBFrameStartCur
                0x00800347        0x2 mb.o
 .bss.peMBFrameSendCur
                0x00800349        0x2 mb.o
 .bss.eMBCurrentMode
                0x0080034b        0x1 mb.o
 .bss.ucMBAddress
                0x0080034c        0x1 mb.o
 .bss.ucMBLFCharacter
                0x0080034d        0x1 mbascii.o
 .bss.usSndBufferCount
                0x0080034e        0x2 mbascii.o
 .bss.pucSndBufferCur
                0x00800350        0x2 mbascii.o
 .bss.eBytePos  0x00800352        0x1 mbascii.o
 .bss.usRcvBufferPos
                0x00800353        0x2 mbascii.o
 .bss.eRcvState
                0x00800355        0x1 mbascii.o
 .bss.eSndState
                0x00800356        0x1 mbascii.o
 .bss.usMBSlaveIDLen
                0x00800357        0x2 mbfuncother.o
 .bss.ucMBSlaveID
                0x00800359       0x20 mbfuncother.o
 .bss.usRcvBufferPos
                0x00800379        0x2 mbrtu.o
 .bss.usSndBufferCount
                0x0080037b        0x2 mbrtu.o
 .bss.pucSndBufferCur
                0x0080037d        0x2 mbrtu.o
 .bss.eRcvState
                0x0080037f        0x1 mbrtu.o
 .bss.eSndState
                0x00800380        0x1 mbrtu.o
 .bss.xEventInQueue
                0x00800381        0x1 portevent.o
 .bss.eQueuedEvent
                0x00800382        0x1 portevent.o
 .bss.usTimerOCRADelta
                0x00800383        0x2 porttimer.o
 *(COMMON)
 COMMON         0x00800385        0xa mb.o
                0x00800385                pxMBFrameCBTransmitterEmpty
                0x00800387                pxMBPortCBTimerExpired
                0x00800389                pxMBFrameCBByteReceived
                0x0080038b                pxMBFrameCBTransmitFSMCur
                0x0080038d                pxMBFrameCBReceiveFSMCur
 COMMON         0x0080038f      0x100 mbrtu.o
                0x0080038f                ucRTUBuf
                0x0080048f                PROVIDE (__bss_end, .)
                0x0000131e                __data_load_start = LOADADDR (.data)
                0x00001550                __data_load_end = (__data_load_start + SIZEOF (.data))

.noinit         0x0080048f        0x0
                0x0080048f                PROVIDE (__noinit_start, .)
 *(.noinit*)
                0x0080048f                PROVIDE (__noinit_end, .)
                0x0080048f                _end = .
                0x0080048f                PROVIDE (__heap_start, .)

.eeprom         0x00810000        0x0
 *(.eeprom*)
                0x00810000                __eeprom_end = .

.fuse
 *(.fuse)
 *(.lfuse)
 *(.hfuse)
 *(.efuse)

.lock
 *(.lock*)

.signature
 *(.signature*)

.user_signatures
 *(.user_signatures*)

.stab
 *(.stab)

.stabstr
 *(.stabstr)

.stab.excl
 *(.stab.excl)

.stab.exclstr
 *(.stab.exclstr)

.stab.index
 *(.stab.index)

.stab.indexstr
 *(.stab.indexstr)

.comment        0x00000000       0x30
 *(.comment)
 .comment       0x00000000       0x30 demo.o
                                 0x31 (size before relaxing)
 .comment       0x00000000       0x31 mb.o
 .comment       0x00000000       0x31 mbascii.o
 .comment       0x00000000       0x31 mbcrc.o
 .comment       0x00000000       0x31 mbfunccoils.o
 .comment       0x00000000       0x31 mbfuncdisc.o
 .comment       0x00000000       0x31 mbfuncholding.o
 .comment       0x00000000       0x31 mbfuncinput.o
 .comment       0x00000000       0x31 mbfuncother.o
 .comment       0x00000000       0x31 mbrtu.o
 .comment       0x00000000       0x31 mbutils.o
 .comment       0x00000000       0x31 portevent.o
 .comment       0x00000000       0x31 portserial.o
 .comment       0x00000000       0x31 porttimer.o

.note.gnu.build-id
 *(.note.gnu.build-id)

.debug
 *(.debug)

.line
 *(.line)

.debug_srcinfo
 *(.debug_srcinfo)

.debug_sfnames
 *(.debug_sfnames)

.debug_aranges  0x00000000      0x308
 *(.debug_aranges)
 .debug_aranges
                0x00000000       0x40 demo.o
 .debug_aranges
                0x00000040       0x48 mb.o
 .debug_aranges
                0x00000088       0x58 mbascii.o
 .debug_aranges
                0x000000e0       0x20 mbcrc.o
 .debug_aranges
                0x00000100       0x30 mbfunccoils.o
 .debug_aranges
                0x00000130       0x20 mbfuncdisc.o
 .debug_aranges
                0x00000150       0x38 mbfuncholding.o
 .debug_aranges
                0x00000188       0x20 mbfuncinput.o
 .debug_aranges
                0x000001a8       0x28 mbfuncother.o
 .debug_aranges
                0x000001d0       0x58 mbrtu.o
 .debug_aranges
                0x00000228       0x30 mbutils.o
 .debug_aranges
                0x00000258       0x30 portevent.o
 .debug_aranges
                0x00000288       0x48 portserial.o
 .debug_aranges
                0x000002d0       0x38 porttimer.o

.debug_pubnames
 *(.debug_pubnames)

.debug_info     0x00000000     0x3259
 *(.debug_info .gnu.linkonce.wi.*)
 .debug_info    0x00000000      0x44b demo.o
 .debug_info    0x0000044b      0x711 mb.o
 .debug_info    0x00000b5c      0x832 mbascii.o
 .debug_info    0x0000138e      0x140 mbcrc.o
 .debug_info    0x000014ce      0x3cb mbfunccoils.o
 .debug_info    0x00001899      0x220 mbfuncdisc.o
 .debug_info    0x00001ab9      0x49d mbfuncholding.o
 .debug_info    0x00001f56      0x21c mbfuncinput.o
 .debug_info    0x00002172      0x2b8 mbfuncother.o
 .debug_info    0x0000242a      0x6b1 mbrtu.o
 .debug_info    0x00002adb      0x289 mbutils.o
 .debug_info    0x00002d64      0x15b portevent.o
 .debug_info    0x00002ebf      0x23d portserial.o
 .debug_info    0x000030fc      0x15d porttimer.o

.debug_abbrev   0x00000000     0x10d7
 *(.debug_abbrev)
 .debug_abbrev  0x00000000      0x154 demo.o
 .debug_abbrev  0x00000154      0x21b mb.o
 .debug_abbrev  0x0000036f      0x269 mbascii.o
 .debug_abbrev  0x000005d8       0xa4 mbcrc.o
 .debug_abbrev  0x0000067c      0x106 mbfunccoils.o
 .debug_abbrev  0x00000782       0xe5 mbfuncdisc.o
 .debug_abbrev  0x00000867      0x101 mbfuncholding.o
 .debug_abbrev  0x00000968       0xe5 mbfuncinput.o
 .debug_abbrev  0x00000a4d       0xf7 mbfuncother.o
 .debug_abbrev  0x00000b44      0x1c4 mbrtu.o
 .debug_abbrev  0x00000d08       0xf1 mbutils.o
 .debug_abbrev  0x00000df9       0xbb portevent.o
 .debug_abbrev  0x00000eb4      0x120 portserial.o
 .debug_abbrev  0x00000fd4      0x103 porttimer.o

.debug_line     0x00000000     0x1be8
 *(.debug_line .debug_line.* .debug_line_end)
 .debug_line    0x00000000      0x173 demo.o
 .debug_line    0x00000173      0x3b0 mb.o
 .debug_line    0x00000523      0x4ac mbascii.o
 .debug_line    0x000009cf       0x87 mbcrc.o
 .debug_line    0x00000a56      0x247 mbfunccoils.o
 .debug_line    0x00000c9d      0x11f mbfuncdisc.o
 .debug_line    0x00000dbc      0x2dd mbfuncholding.o
 .debug_line    0x00001099      0x113 mbfuncinput.o
 .debug_line    0x000011ac      0x167 mbfuncother.o
 .debug_line    0x00001313      0x303 mbrtu.o
 .debug_line    0x00001616      0x149 mbutils.o
 .debug_line    0x0000175f      0x109 portevent.o
 .debug_line    0x00001868      0x1ed portserial.o
 .debug_line    0x00001a55      0x193 porttimer.o

.debug_frame    0x00000000      0x6ec
 *(.debug_frame)
 .debug_frame   0x00000000       0x74 demo.o
 .debug_frame   0x00000074       0xa0 mb.o
 .debug_frame   0x00000114       0xb4 mbascii.o
 .debug_frame   0x000001c8       0x24 mbcrc.o
 .debug_frame   0x000001ec       0x70 mbfunccoils.o
 .debug_frame   0x0000025c       0x34 mbfuncdisc.o
 .debug_frame   0x00000290       0x9c mbfuncholding.o
 .debug_frame   0x0000032c       0x38 mbfuncinput.o
 .debug_frame   0x00000364       0x54 mbfuncother.o
 .debug_frame   0x000003b8       0xf0 mbrtu.o
 .debug_frame   0x000004a8       0x54 mbutils.o
 .debug_frame   0x000004fc       0x44 portevent.o
 .debug_frame   0x00000540      0x110 portserial.o
 .debug_frame   0x00000650       0x9c porttimer.o

.debug_str      0x00000000      0xe9f
 *(.debug_str)
 .debug_str     0x00000000      0x2f8 demo.o
                                0x331 (size before relaxing)
 .debug_str     0x000002f8      0x39f mb.o
                                0x60e (size before relaxing)
 .debug_str     0x00000697      0x2b8 mbascii.o
                                0x553 (size before relaxing)
 .debug_str     0x0000094f       0x30 mbcrc.o
                                0x1b4 (size before relaxing)
 .debug_str     0x0000097f       0xcc mbfunccoils.o
                                0x3cf (size before relaxing)
 .debug_str     0x00000a4b       0x3a mbfuncdisc.o
                                0x351 (size before relaxing)
 .debug_str     0x00000a85      0x108 mbfuncholding.o
                                0x43e (size before relaxing)
 .debug_str     0x00000b8d       0x2c mbfuncinput.o
                                0x342 (size before relaxing)
 .debug_str     0x00000bb9       0x7a mbfuncother.o
                                0x363 (size before relaxing)
 .debug_str     0x00000c33       0xd8 mbrtu.o
                                0x4c8 (size before relaxing)
 .debug_str     0x00000d0b       0x8f mbutils.o
                                0x359 (size before relaxing)
 .debug_str     0x00000d9a       0x3b portevent.o
                                0x209 (size before relaxing)
 .debug_str     0x00000dd5       0x6f portserial.o
                                0x29f (size before relaxing)
 .debug_str     0x00000e44       0x5b porttimer.o
                                0x210 (size before relaxing)

.debug_loc      0x00000000     0x30b5
 *(.debug_loc)
 .debug_loc     0x00000000      0x207 demo.o
 .debug_loc     0x00000207      0x51c mb.o
 .debug_loc     0x00000723      0x580 mbascii.o
 .debug_loc     0x00000ca3      0x163 mbcrc.o
 .debug_loc     0x00000e06      0x682 mbfunccoils.o
 .debug_loc     0x00001488      0x23e mbfuncdisc.o
 .debug_loc     0x000016c6      0x8ae mbfuncholding.o
 .debug_loc     0x00001f74      0x22d mbfuncinput.o
 .debug_loc     0x000021a1      0x246 mbfuncother.o
 .debug_loc     0x000023e7      0x4fb mbrtu.o
 .debug_loc     0x000028e2      0x32b mbutils.o
 .debug_loc     0x00002c0d       0x9f portevent.o
 .debug_loc     0x00002cac      0x318 portserial.o
 .debug_loc     0x00002fc4       0xf1 porttimer.o

.debug_macinfo
 *(.debug_macinfo)

.debug_weaknames
 *(.debug_weaknames)

.debug_funcnames
 *(.debug_funcnames)

.debug_typenames
 *(.debug_typenames)

.debug_varnames
 *(.debug_varnames)

.debug_pubtypes
 *(.debug_pubtypes)

.debug_ranges   0x00000000      0x228
 *(.debug_ranges)
 .debug_ranges  0x00000000       0x30 demo.o
 .debug_ranges  0x00000030       0x38 mb.o
 .debug_ranges  0x00000068       0x48 mbascii.o
 .debug_ranges  0x000000b0       0x10 mbcrc.o
 .debug_ranges  0x000000c0       0x20 mbfunccoils.o
 .debug_ranges  0x000000e0       0x10 mbfuncdisc.o
 .debug_ranges  0x000000f0       0x28 mbfuncholding.o
 .debug_ranges  0x00000118       0x10 mbfuncinput.o
 .debug_ranges  0x00000128       0x18 mbfuncother.o
 .debug_ranges  0x00000140       0x48 mbrtu.o
 .debug_ranges  0x00000188       0x20 mbutils.o
 .debug_ranges  0x000001a8       0x20 portevent.o
 .debug_ranges  0x000001c8       0x38 portserial.o
 .debug_ranges  0x00000200       0x28 porttimer.o

.debug_macro
 *(.debug_macro)
OUTPUT(juma.elf elf32-avr)
LOAD linker stubs
