Archive member included because of file (symbol)

c:/program files (x86)/atmel/atmel toolchain/avr8 gcc/native/3.4.1061/avr8-gnu-toolchain/bin/../lib/gcc/avr/4.8.1/avr51\libgcc.a(_udivmodsi4.o)
                              mbrtu.o (__udivmodsi4)
c:/program files (x86)/atmel/atmel toolchain/avr8 gcc/native/3.4.1061/avr8-gnu-toolchain/bin/../lib/gcc/avr/4.8.1/avr51\libgcc.a(_exit.o)
                              c:/program files (x86)/atmel/atmel toolchain/avr8 gcc/native/3.4.1061/avr8-gnu-toolchain/bin/../lib/gcc/avr/4.8.1/../../../../avr/lib/avr51/crtm128.o (exit)
c:/program files (x86)/atmel/atmel toolchain/avr8 gcc/native/3.4.1061/avr8-gnu-toolchain/bin/../lib/gcc/avr/4.8.1/avr51\libgcc.a(_copy_data.o)
                              mb.o (__do_copy_data)
c:/program files (x86)/atmel/atmel toolchain/avr8 gcc/native/3.4.1061/avr8-gnu-toolchain/bin/../lib/gcc/avr/4.8.1/avr51\libgcc.a(_clear_bss.o)
                              demo.o (__do_clear_bss)
c:/program files (x86)/atmel/atmel toolchain/avr8 gcc/native/3.4.1061/avr8-gnu-toolchain/bin/../lib/gcc/avr/4.8.1/avr51\libgcc.a(_umulhisi3.o)
                              porttimer.o (__umulhisi3)
c:/program files (x86)/atmel/atmel toolchain/avr8 gcc/native/3.4.1061/avr8-gnu-toolchain/bin/../lib/gcc/avr/4.8.1/../../../../avr/lib/avr51\libc.a(memcpy.o)
                              mbfuncother.o (memcpy)

Allocating common symbols
Common symbol       size              file

pxMBFrameCBTransmitterEmpty
                    0x2               mb.o
pxMBPortCBTimerExpired
                    0x2               mb.o
ucRTUBuf            0x100             mbrtu.o
pxMBFrameCBByteReceived
                    0x2               mb.o
pxMBFrameCBTransmitFSMCur
                    0x2               mb.o
pxMBFrameCBReceiveFSMCur
                    0x2               mb.o

Discarded input sections

 .data          0x00000000        0x0 c:/program files (x86)/atmel/atmel toolchain/avr8 gcc/native/3.4.1061/avr8-gnu-toolchain/bin/../lib/gcc/avr/4.8.1/../../../../avr/lib/avr51/crtm128.o
 .bss           0x00000000        0x0 c:/program files (x86)/atmel/atmel toolchain/avr8 gcc/native/3.4.1061/avr8-gnu-toolchain/bin/../lib/gcc/avr/4.8.1/../../../../avr/lib/avr51/crtm128.o
 .text          0x00000000        0x0 demo.o
 .data          0x00000000        0x0 demo.o
 .bss           0x00000000        0x0 demo.o
 .text          0x00000000        0x0 mb.o
 .data          0x00000000        0x0 mb.o
 .bss           0x00000000        0x0 mb.o
 .text.eMBRegisterCB
                0x00000000       0xca mb.o
 .text.eMBClose
                0x00000000       0x22 mb.o
 .text.eMBDisable
                0x00000000       0x28 mb.o
 .text          0x00000000        0x0 mbascii.o
 .data          0x00000000        0x0 mbascii.o
 .bss           0x00000000        0x0 mbascii.o
 .bss.ucLRC     0x00000000        0x1 mbascii.o
 .text          0x00000000        0x0 mbcrc.o
 .data          0x00000000        0x0 mbcrc.o
 .bss           0x00000000        0x0 mbcrc.o
 .text          0x00000000        0x0 mbfunccoils.o
 .data          0x00000000        0x0 mbfunccoils.o
 .bss           0x00000000        0x0 mbfunccoils.o
 .text          0x00000000        0x0 mbfuncdiag.o
 .data          0x00000000        0x0 mbfuncdiag.o
 .bss           0x00000000        0x0 mbfuncdiag.o
 .debug_line    0x00000000        0x0 mbfuncdiag.o
 .debug_str     0x00000000        0x0 mbfuncdiag.o
 .comment       0x00000000       0x31 mbfuncdiag.o
 .text          0x00000000        0x0 mbfuncdisc.o
 .data          0x00000000        0x0 mbfuncdisc.o
 .bss           0x00000000        0x0 mbfuncdisc.o
 .text          0x00000000        0x0 mbfuncholding.o
 .data          0x00000000        0x0 mbfuncholding.o
 .bss           0x00000000        0x0 mbfuncholding.o
 .text          0x00000000        0x0 mbfuncinput.o
 .data          0x00000000        0x0 mbfuncinput.o
 .bss           0x00000000        0x0 mbfuncinput.o
 .text          0x00000000        0x0 mbfuncother.o
 .data          0x00000000        0x0 mbfuncother.o
 .bss           0x00000000        0x0 mbfuncother.o
 .text          0x00000000        0x0 mbrtu.o
 .data          0x00000000        0x0 mbrtu.o
 .bss           0x00000000        0x0 mbrtu.o
 .text          0x00000000        0x0 mbutils.o
 .data          0x00000000        0x0 mbutils.o
 .bss           0x00000000        0x0 mbutils.o
 .text.xMBUtilSetBits
                0x00000000       0x78 mbutils.o
 .text.xMBUtilGetBits
                0x00000000       0x50 mbutils.o
 .text          0x00000000        0x0 portevent.o
 .data          0x00000000        0x0 portevent.o
 .bss           0x00000000        0x0 portevent.o
 .text          0x00000000        0x0 portserial.o
 .data          0x00000000        0x0 portserial.o
 .bss           0x00000000        0x0 portserial.o
 .text          0x00000000        0x0 porttimer.o
 .data          0x00000000        0x0 porttimer.o
 .bss           0x00000000        0x0 porttimer.o
 .text          0x00000000        0x0 c:/program files (x86)/atmel/atmel toolchain/avr8 gcc/native/3.4.1061/avr8-gnu-toolchain/bin/../lib/gcc/avr/4.8.1/avr51\libgcc.a(_udivmodsi4.o)
 .data          0x00000000        0x0 c:/program files (x86)/atmel/atmel toolchain/avr8 gcc/native/3.4.1061/avr8-gnu-toolchain/bin/../lib/gcc/avr/4.8.1/avr51\libgcc.a(_udivmodsi4.o)
 .bss           0x00000000        0x0 c:/program files (x86)/atmel/atmel toolchain/avr8 gcc/native/3.4.1061/avr8-gnu-toolchain/bin/../lib/gcc/avr/4.8.1/avr51\libgcc.a(_udivmodsi4.o)
 .text.libgcc.mul
                0x00000000        0x0 c:/program files (x86)/atmel/atmel toolchain/avr8 gcc/native/3.4.1061/avr8-gnu-toolchain/bin/../lib/gcc/avr/4.8.1/avr51\libgcc.a(_udivmodsi4.o)
 .text.libgcc   0x00000000        0x0 c:/program files (x86)/atmel/atmel toolchain/avr8 gcc/native/3.4.1061/avr8-gnu-toolchain/bin/../lib/gcc/avr/4.8.1/avr51\libgcc.a(_udivmodsi4.o)
 .text.libgcc.prologue
                0x00000000        0x0 c:/program files (x86)/atmel/atmel toolchain/avr8 gcc/native/3.4.1061/avr8-gnu-toolchain/bin/../lib/gcc/avr/4.8.1/avr51\libgcc.a(_udivmodsi4.o)
 .text.libgcc.builtins
                0x00000000        0x0 c:/program files (x86)/atmel/atmel toolchain/avr8 gcc/native/3.4.1061/avr8-gnu-toolchain/bin/../lib/gcc/avr/4.8.1/avr51\libgcc.a(_udivmodsi4.o)
 .text.libgcc.fmul
                0x00000000        0x0 c:/program files (x86)/atmel/atmel toolchain/avr8 gcc/native/3.4.1061/avr8-gnu-toolchain/bin/../lib/gcc/avr/4.8.1/avr51\libgcc.a(_udivmodsi4.o)
 .text.libgcc.fixed
                0x00000000        0x0 c:/program files (x86)/atmel/atmel toolchain/avr8 gcc/native/3.4.1061/avr8-gnu-toolchain/bin/../lib/gcc/avr/4.8.1/avr51\libgcc.a(_udivmodsi4.o)
 .text          0x00000000        0x0 c:/program files (x86)/atmel/atmel toolchain/avr8 gcc/native/3.4.1061/avr8-gnu-toolchain/bin/../lib/gcc/avr/4.8.1/avr51\libgcc.a(_exit.o)
 .data          0x00000000        0x0 c:/program files (x86)/atmel/atmel toolchain/avr8 gcc/native/3.4.1061/avr8-gnu-toolchain/bin/../lib/gcc/avr/4.8.1/avr51\libgcc.a(_exit.o)
 .bss           0x00000000        0x0 c:/program files (x86)/atmel/atmel toolchain/avr8 gcc/native/3.4.1061/avr8-gnu-toolchain/bin/../lib/gcc/avr/4.8.1/avr51\libgcc.a(_exit.o)
 .text.libgcc.mul
                0x00000000        0x0 c:/program files (x86)/atmel/atmel toolchain/avr8 gcc/native/3.4.1061/avr8-gnu-toolchain/bin/../lib/gcc/avr/4.8.1/avr51\libgcc.a(_exit.o)
 .text.libgcc.div
                0x00000000        0x0 c:/program files (x86)/atmel/atmel toolchain/avr8 gcc/native/3.4.1061/avr8-gnu-toolchain/bin/../lib/gcc/avr/4.8.1/avr51\libgcc.a(_exit.o)
 .text.libgcc   0x00000000        0x0 c:/program files (x86)/atmel/atmel toolchain/avr8 gcc/native/3.4.1061/avr8-gnu-toolchain/bin/../lib/gcc/avr/4.8.1/avr51\libgcc.a(_exit.o)
 .text.libgcc.prologue
                0x00000000        0x0 c:/program files (x86)/atmel/atmel toolchain/avr8 gcc/native/3.4.1061/avr8-gnu-toolchain/bin/../lib/gcc/avr/4.8.1/avr51\libgcc.a(_exit.o)
 .text.libgcc.builtins
                0x00000000        0x0 c:/program files (x86)/atmel/atmel toolchain/avr8 gcc/native/3.4.1061/avr8-gnu-toolchain/bin/../lib/gcc/avr/4.8.1/avr51\libgcc.a(_exit.o)
 .text.libgcc.fmul
                0x00000000        0x0 c:/program files (x86)/atmel/atmel toolchain/avr8 gcc/native/3.4.1061/avr8-gnu-toolchain/bin/../lib/gcc/avr/4.8.1/avr51\libgcc.a(_exit.o)
 .text.libgcc.fixed
                0x00000000        0x0 c:/program files (x86)/atmel/atmel toolchain/avr8 gcc/native/3.4.1061/avr8-gnu-toolchain/bin/../lib/gcc/avr/4.8.1/avr51\libgcc.a(_exit.o)
 .text          0x00000000        0x0 c:/program files (x86)/atmel/atmel toolchain/avr8 gcc/native/3.4.1061/avr8-gnu-toolchain/bin/../lib/gcc/avr/4.8.1/avr51\libgcc.a(_copy_data.o)
 .data          0x00000000        0x0 c:/program files (x86)/atmel/atmel toolchain/avr8 gcc/native/3.4.1061/avr8-gnu-toolchain/bin/../lib/gcc/avr/4.8.1/avr51\libgcc.a(_copy_data.o)
 .bss           0x00000000        0x0 c:/program files (x86)/atmel/atmel toolchain/avr8 gcc/native/3.4.1061/avr8-gnu-toolchain/bin/../lib/gcc/avr/4.8.1/avr51\libgcc.a(_copy_data.o)
 .text.libgcc.mul
                0x00000000        0x0 c:/program files (x86)/atmel/atmel toolchain/avr8 gcc/native/3.4.1061/avr8-gnu-toolchain/bin/../lib/gcc/avr/4.8.1/avr51\libgcc.a(_copy_data.o)
 .text.libgcc.div
                0x00000000        0x0 c:/program files (x86)/atmel/atmel toolchain/avr8 gcc/native/3.4.1061/avr8-gnu-toolchain/bin/../lib/gcc/avr/4.8.1/avr51\libgcc.a(_copy_data.o)
 .text.libgcc   0x00000000        0x0 c:/program files (x86)/atmel/atmel toolchain/avr8 gcc/native/3.4.1061/avr8-gnu-toolchain/bin/../lib/gcc/avr/4.8.1/avr51\libgcc.a(_copy_data.o)
 .text.libgcc.prologue
                0x00000000        0x0 c:/program files (x86)/atmel/atmel toolchain/avr8 gcc/native/3.4.1061/avr8-gnu-toolchain/bin/../lib/gcc/avr/4.8.1/avr51\libgcc.a(_copy_data.o)
 .text.libgcc.builtins
                0x00000000        0x0 c:/program files (x86)/atmel/atmel toolchain/avr8 gcc/native/3.4.1061/avr8-gnu-toolchain/bin/../lib/gcc/avr/4.8.1/avr51\libgcc.a(_copy_data.o)
 .text.libgcc.fmul
                0x00000000        0x0 c:/program files (x86)/atmel/atmel toolchain/avr8 gcc/native/3.4.1061/avr8-gnu-toolchain/bin/../lib/gcc/avr/4.8.1/avr51\libgcc.a(_copy_data.o)
 .text.libgcc.fixed
                0x00000000        0x0 c:/program files (x86)/atmel/atmel toolchain/avr8 gcc/native/3.4.1061/avr8-gnu-toolchain/bin/../lib/gcc/avr/4.8.1/avr51\libgcc.a(_copy_data.o)
 .text          0x00000000        0x0 c:/program files (x86)/atmel/atmel toolchain/avr8 gcc/native/3.4.1061/avr8-gnu-toolchain/bin/../lib/gcc/avr/4.8.1/avr51\libgcc.a(_clear_bss.o)
 .data          0x00000000        0x0 c:/program files (x86)/atmel/atmel toolchain/avr8 gcc/native/3.4.1061/avr8-gnu-toolchain/bin/../lib/gcc/avr/4.8.1/avr51\libgcc.a(_clear_bss.o)
 .bss           0x00000000        0x0 c:/program files (x86)/atmel/atmel toolchain/avr8 gcc/native/3.4.1061/avr8-gnu-toolchain/bin/../lib/gcc/avr/4.8.1/avr51\libgcc.a(_clear_bss.o)
 .text.libgcc.mul
                0x00000000        0x0 c:/program files (x86)/atmel/atmel toolchain/avr8 gcc/native/3.4.1061/avr8-gnu-toolchain/bin/../lib/gcc/avr/4.8.1/avr51\libgcc.a(_clear_bss.o)
 .text.libgcc.div
                0x00000000        0x0 c:/program files (x86)/atmel/atmel toolchain/avr8 gcc/native/3.4.1061/avr8-gnu-toolchain/bin/../lib/gcc/avr/4.8.1/avr51\libgcc.a(_clear_bss.o)
 .text.libgcc   0x00000000        0x0 c:/program files (x86)/atmel/atmel toolchain/avr8 gcc/native/3.4.1061/avr8-gnu-toolchain/bin/../lib/gcc/avr/4.8.1/avr51\libgcc.a(_clear_bss.o)
 .text.libgcc.prologue
                0x00000000        0x0 c:/program files (x86)/atmel/atmel toolchain/avr8 gcc/native/3.4.1061/avr8-gnu-toolchain/bin/../lib/gcc/avr/4.8.1/avr51\libgcc.a(_clear_bss.o)
 .text.libgcc.builtins
                0x00000000        0x0 c:/program files (x86)/atmel/atmel toolchain/avr8 gcc/native/3.4.1061/avr8-gnu-toolchain/bin/../lib/gcc/avr/4.8.1/avr51\libgcc.a(_clear_bss.o)
 .text.libgcc.fmul
                0x00000000        0x0 c:/program files (x86)/atmel/atmel toolchain/avr8 gcc/native/3.4.1061/avr8-gnu-toolchain/bin/../lib/gcc/avr/4.8.1/avr51\libgcc.a(_clear_bss.o)
 .text.libgcc.fixed
                0x00000000        0x0 c:/program files (x86)/atmel/atmel toolchain/avr8 gcc/native/3.4.1061/avr8-gnu-toolchain/bin/../lib/gcc/avr/4.8.1/avr51\libgcc.a(_clear_bss.o)
 .text          0x00000000        0x0 c:/program files (x86)/atmel/atmel toolchain/avr8 gcc/native/3.4.1061/avr8-gnu-toolchain/bin/../lib/gcc/avr/4.8.1/avr51\libgcc.a(_umulhisi3.o)
 .data          0x00000000        0x0 c:/program files (x86)/atmel/atmel toolchain/avr8 gcc/native/3.4.1061/avr8-gnu-toolchain/bin/../lib/gcc/avr/4.8.1/avr51\libgcc.a(_umulhisi3.o)
 .bss           0x00000000        0x0 c:/program files (x86)/atmel/atmel toolchain/avr8 gcc/native/3.4.1061/avr8-gnu-toolchain/bin/../lib/gcc/avr/4.8.1/avr51\libgcc.a(_umulhisi3.o)
 .text.libgcc.div
                0x00000000        0x0 c:/program files (x86)/atmel/atmel toolchain/avr8 gcc/native/3.4.1061/avr8-gnu-toolchain/bin/../lib/gcc/avr/4.8.1/avr51\libgcc.a(_umulhisi3.o)
 .text.libgcc   0x00000000        0x0 c:/program files (x86)/atmel/atmel toolchain/avr8 gcc/native/3.4.1061/avr8-gnu-toolchain/bin/../lib/gcc/avr/4.8.1/avr51\libgcc.a(_umulhisi3.o)
 .text.libgcc.prologue
                0x00000000        0x0 c:/program files (x86)/atmel/atmel toolchain/avr8 gcc/native/3.4.1061/avr8-gnu-toolchain/bin/../lib/gcc/avr/4.8.1/avr51\libgcc.a(_umulhisi3.o)
 .text.libgcc.builtins
                0x00000000        0x0 c:/program files (x86)/atmel/atmel toolchain/avr8 gcc/native/3.4.1061/avr8-gnu-toolchain/bin/../lib/gcc/avr/4.8.1/avr51\libgcc.a(_umulhisi3.o)
 .text.libgcc.fmul
                0x00000000        0x0 c:/program files (x86)/atmel/atmel toolchain/avr8 gcc/native/3.4.1061/avr8-gnu-toolchain/bin/../lib/gcc/avr/4.8.1/avr51\libgcc.a(_umulhisi3.o)
 .text.libgcc.fixed
                0x00000000        0x0 c:/program files (x86)/atmel/atmel toolchain/avr8 gcc/native/3.4.1061/avr8-gnu-toolchain/bin/../lib/gcc/avr/4.8.1/avr51\libgcc.a(_umulhisi3.o)
 .text          0x00000000        0x0 c:/program files (x86)/atmel/atmel toolchain/avr8 gcc/native/3.4.1061/avr8-gnu-toolchain/bin/../lib/gcc/avr/4.8.1/../../../../avr/lib/avr51\libc.a(memcpy.o)
 .data          0x00000000        0x0 c:/program files (x86)/atmel/atmel toolchain/avr8 gcc/native/3.4.1061/avr8-gnu-toolchain/bin/../lib/gcc/avr/4.8.1/../../../../avr/lib/avr51\libc.a(memcpy.o)
 .bss           0x00000000        0x0 c:/program files (x86)/atmel/atmel toolchain/avr8 gcc/native/3.4.1061/avr8-gnu-toolchain/bin/../lib/gcc/avr/4.8.1/../../../../avr/lib/avr51\libc.a(memcpy.o)

Memory Configuration

Name             Origin             Length             Attributes
text             0x00000000         0x00020000         xr
data             0x00800100         0x0000ff00         rw !x
eeprom           0x00810000         0x00010000         rw !x
fuse             0x00820000         0x00000400         rw !x
lock             0x00830000         0x00000400         rw !x
signature        0x00840000         0x00000400         rw !x
user_signatures  0x00850000         0x00000400         rw !x
*default*        0x00000000         0xffffffff

Linker script and memory map

Address of section .data set to 0x800100
LOAD c:/program files (x86)/atmel/atmel toolchain/avr8 gcc/native/3.4.1061/avr8-gnu-toolchain/bin/../lib/gcc/avr/4.8.1/../../../../avr/lib/avr51/crtm128.o
LOAD demo.o
LOAD mb.o
LOAD mbascii.o
LOAD mbcrc.o
LOAD mbfunccoils.o
LOAD mbfuncdiag.o
LOAD mbfuncdisc.o
LOAD mbfuncholding.o
LOAD mbfuncinput.o
LOAD mbfuncother.o
LOAD mbrtu.o
LOAD mbutils.o
LOAD portevent.o
LOAD portserial.o
LOAD porttimer.o
START GROUP
LOAD c:/program files (x86)/atmel/atmel toolchain/avr8 gcc/native/3.4.1061/avr8-gnu-toolchain/bin/../lib/gcc/avr/4.8.1/../../../../avr/lib/avr51\libm.a
END GROUP
LOAD c:/program files (x86)/atmel/atmel toolchain/avr8 gcc/native/3.4.1061/avr8-gnu-toolchain/bin/../lib/gcc/avr/4.8.1/avr51\libgcc.a
LOAD c:/program files (x86)/atmel/atmel toolchain/avr8 gcc/native/3.4.1061/avr8-gnu-toolchain/bin/../lib/gcc/avr/4.8.1/../../../../avr/lib/avr51\libm.a
START GROUP
LOAD c:/program files (x86)/atmel/atmel toolchain/avr8 gcc/native/3.4.1061/avr8-gnu-toolchain/bin/../lib/gcc/avr/4.8.1/avr51\libgcc.a
LOAD c:/program files (x86)/atmel/atmel toolchain/avr8 gcc/native/3.4.1061/avr8-gnu-toolchain/bin/../lib/gcc/avr/4.8.1/../../../../avr/lib/avr51\libm.a
LOAD c:/program files (x86)/atmel/atmel toolchain/avr8 gcc/native/3.4.1061/avr8-gnu-toolchain/bin/../lib/gcc/avr/4.8.1/../../../../avr/lib/avr51\libc.a
END GROUP

.hash
 *(.hash)

.dynsym
 *(.dynsym)

.dynstr
 *(.dynstr)

.gnu.version
 *(.gnu.version)

.gnu.version_d
 *(.gnu.version_d)

.gnu.version_r
 *(.gnu.version_r)

.rel.init
 *(.rel.init)

.rela.init
 *(.rela.init)

.rel.text
 *(.rel.text)
 *(.rel.text.*)
 *(.rel.gnu.linkonce.t*)

.rela.text
 *(.rela.text)
 *(.rela.text.*)
 *(.rela.gnu.linkonce.t*)

.rel.fini
 *(.rel.fini)

.rela.fini
 *(.rela.fini)

.rel.rodata
 *(.rel.rodata)
 *(.rel.rodata.*)
 *(.rel.gnu.linkonce.r*)

.rela.rodata
 *(.rela.rodata)
 *(.rela.rodata.*)
 *(.rela.gnu.linkonce.r*)

.rel.data
 *(.rel.data)
 *(.rel.data.*)
 *(.rel.gnu.linkonce.d*)

.rela.data
 *(.rela.data)
 *(.rela.data.*)
 *(.rela.gnu.linkonce.d*)

.rel.ctors
 *(.rel.ctors)

.rela.ctors
 *(.rela.ctors)

.rel.dtors
 *(.rel.dtors)

.rela.dtors
 *(.rela.dtors)

.rel.got
 *(.rel.got)

.rela.got
 *(.rela.got)

.rel.bss
 *(.rel.bss)

.rela.bss
 *(.rela.bss)

.rel.plt
 *(.rel.plt)

.rela.plt
 *(.rela.plt)

.text           0x00000000     0x13c0
 *(.vectors)
 .vectors       0x00000000       0x8c c:/program files (x86)/atmel/atmel toolchain/avr8 gcc/native/3.4.1061/avr8-gnu-toolchain/bin/../lib/gcc/avr/4.8.1/../../../../avr/lib/avr51/crtm128.o
                0x00000000                __vector_default
                0x00000000                __vectors
 *(.vectors)
 *(.progmem.gcc*)
                0x0000008c                . = ALIGN (0x2)
                0x0000008c                __trampolines_start = .
 *(.trampolines)
 .trampolines   0x0000008c        0x0 linker stubs
 *(.trampolines*)
                0x0000008c                __trampolines_end = .
 *(.progmem*)
                0x0000008c                . = ALIGN (0x2)
 *(.jumptables)
 *(.jumptables*)
 *(.lowtext)
 *(.lowtext*)
                0x0000008c                __ctors_start = .
 *(.ctors)
                0x0000008c                __ctors_end = .
                0x0000008c                __dtors_start = .
 *(.dtors)
                0x0000008c                __dtors_end = .
 SORT(*)(.ctors)
 SORT(*)(.dtors)
 *(.init0)
 .init0         0x0000008c        0x0 c:/program files (x86)/atmel/atmel toolchain/avr8 gcc/native/3.4.1061/avr8-gnu-toolchain/bin/../lib/gcc/avr/4.8.1/../../../../avr/lib/avr51/crtm128.o
                0x0000008c                __init
 *(.init0)
 *(.init1)
 *(.init1)
 *(.init2)
 .init2         0x0000008c        0xc c:/program files (x86)/atmel/atmel toolchain/avr8 gcc/native/3.4.1061/avr8-gnu-toolchain/bin/../lib/gcc/avr/4.8.1/../../../../avr/lib/avr51/crtm128.o
 *(.init2)
 *(.init3)
 *(.init3)
 *(.init4)
 .init4         0x00000098       0x1a c:/program files (x86)/atmel/atmel toolchain/avr8 gcc/native/3.4.1061/avr8-gnu-toolchain/bin/../lib/gcc/avr/4.8.1/avr51\libgcc.a(_copy_data.o)
                0x00000098                __do_copy_data
 .init4         0x000000b2       0x10 c:/program files (x86)/atmel/atmel toolchain/avr8 gcc/native/3.4.1061/avr8-gnu-toolchain/bin/../lib/gcc/avr/4.8.1/avr51\libgcc.a(_clear_bss.o)
                0x000000b2                __do_clear_bss
 *(.init4)
 *(.init5)
 *(.init5)
 *(.init6)
 *(.init6)
 *(.init7)
 *(.init7)
 *(.init8)
 *(.init8)
 *(.init9)
 .init9         0x000000c2        0x6 c:/program files (x86)/atmel/atmel toolchain/avr8 gcc/native/3.4.1061/avr8-gnu-toolchain/bin/../lib/gcc/avr/4.8.1/../../../../avr/lib/avr51/crtm128.o
 *(.init9)
 *(.text)
 .text          0x000000c8        0x2 c:/program files (x86)/atmel/atmel toolchain/avr8 gcc/native/3.4.1061/avr8-gnu-toolchain/bin/../lib/gcc/avr/4.8.1/../../../../avr/lib/avr51/crtm128.o
                0x000000c8                __vector_22
                0x000000c8                __vector_28
                0x000000c8                __vector_1
                0x000000c8                __vector_32
                0x000000c8                __vector_34
                0x000000c8                __vector_24
                0x000000c8                __bad_interrupt
                0x000000c8                __vector_6
                0x000000c8                __vector_31
                0x000000c8                __vector_3
                0x000000c8                __vector_23
                0x000000c8                __vector_30
                0x000000c8                __vector_25
                0x000000c8                __vector_11
                0x000000c8                __vector_13
                0x000000c8                __vector_17
                0x000000c8                __vector_7
                0x000000c8                __vector_27
                0x000000c8                __vector_5
                0x000000c8                __vector_33
                0x000000c8                __vector_4
                0x000000c8                __vector_9
                0x000000c8                __vector_2
                0x000000c8                __vector_21
                0x000000c8                __vector_15
                0x000000c8                __vector_29
                0x000000c8                __vector_8
                0x000000c8                __vector_26
                0x000000c8                __vector_14
                0x000000c8                __vector_10
                0x000000c8                __vector_16
                0x000000c8                __vector_20
                0x000000ca                . = ALIGN (0x2)
 *(.text.*)
 .text.main     0x000000ca       0x4c demo.o
                0x000000ca                main
 .text.eMBRegInputCB
                0x00000116       0x54 demo.o
                0x00000116                eMBRegInputCB
 .text.eMBRegHoldingCB
                0x0000016a        0x4 demo.o
                0x0000016a                eMBRegHoldingCB
 .text.eMBRegCoilsCB
                0x0000016e        0x4 demo.o
                0x0000016e                eMBRegCoilsCB
 .text.eMBRegDiscreteCB
                0x00000172        0x4 demo.o
                0x00000172                eMBRegDiscreteCB
 .text.eMBInit  0x00000176      0x120 mb.o
                0x00000176                eMBInit
 .text.eMBEnable
                0x00000296       0x1e mb.o
                0x00000296                eMBEnable
 .text.eMBPoll  0x000002b4      0x158 mb.o
                0x000002b4                eMBPoll
 .text.eMBASCIIInit
                0x0000040c       0x32 mbascii.o
                0x0000040c                eMBASCIIInit
 .text.eMBASCIIStart
                0x0000043e       0x14 mbascii.o
                0x0000043e                eMBASCIIStart
 .text.eMBASCIIStop
                0x00000452        0xe mbascii.o
                0x00000452                eMBASCIIStop
 .text.eMBASCIIReceive
                0x00000460       0x66 mbascii.o
                0x00000460                eMBASCIIReceive
 .text.eMBASCIISend
                0x000004c6       0x96 mbascii.o
                0x000004c6                eMBASCIISend
 .text.xMBASCIIReceiveFSM
                0x0000055c      0x140 mbascii.o
                0x0000055c                xMBASCIIReceiveFSM
 .text.xMBASCIITransmitFSM
                0x0000069c      0x11e mbascii.o
                0x0000069c                xMBASCIITransmitFSM
 .text.xMBASCIITimerT1SExpired
                0x000007ba       0x14 mbascii.o
                0x000007ba                xMBASCIITimerT1SExpired
 .text.usMBCRC16
                0x000007ce       0x3c mbcrc.o
                0x000007ce                usMBCRC16
 .text.eMBFuncReadCoils
                0x0000080a       0xcc mbfunccoils.o
                0x0000080a                eMBFuncReadCoils
 .text.eMBFuncWriteCoil
                0x000008d6       0x6e mbfunccoils.o
                0x000008d6                eMBFuncWriteCoil
 .text.eMBFuncWriteMultipleCoils
                0x00000944       0xa8 mbfunccoils.o
                0x00000944                eMBFuncWriteMultipleCoils
 .text.eMBFuncReadDiscreteInputs
                0x000009ec       0xca mbfuncdisc.o
                0x000009ec                eMBFuncReadDiscreteInputs
 .text.eMBFuncWriteHoldingRegister
                0x00000ab6       0x38 mbfuncholding.o
                0x00000ab6                eMBFuncWriteHoldingRegister
 .text.eMBFuncWriteMultipleHoldingRegister
                0x00000aee       0x7c mbfuncholding.o
                0x00000aee                eMBFuncWriteMultipleHoldingRegister
 .text.eMBFuncReadHoldingRegister
                0x00000b6a       0x8c mbfuncholding.o
                0x00000b6a                eMBFuncReadHoldingRegister
 .text.eMBFuncReadWriteMultipleHoldingRegister
                0x00000bf6       0xf0 mbfuncholding.o
                0x00000bf6                eMBFuncReadWriteMultipleHoldingRegister
 .text.eMBFuncReadInputRegister
                0x00000ce6       0x92 mbfuncinput.o
                0x00000ce6                eMBFuncReadInputRegister
 .text.eMBSetSlaveID
                0x00000d78       0x56 mbfuncother.o
                0x00000d78                eMBSetSlaveID
 .text.eMBFuncReportSlaveID
                0x00000dce       0x30 mbfuncother.o
                0x00000dce                eMBFuncReportSlaveID
 .text.eMBRTUInit
                0x00000dfe       0x6e mbrtu.o
                0x00000dfe                eMBRTUInit
 .text.eMBRTUStart
                0x00000e6c       0x12 mbrtu.o
                0x00000e6c                eMBRTUStart
 .text.eMBRTUStop
                0x00000e7e        0xe mbrtu.o
                0x00000e7e                eMBRTUStop
 .text.eMBRTUReceive
                0x00000e8c       0x6e mbrtu.o
                0x00000e8c                eMBRTUReceive
 .text.eMBRTUSend
                0x00000efa       0x9a mbrtu.o
                0x00000efa                eMBRTUSend
 .text.xMBRTUReceiveFSM
                0x00000f94       0xa2 mbrtu.o
                0x00000f94                xMBRTUReceiveFSM
 .text.xMBRTUTransmitFSM
                0x00001036       0x74 mbrtu.o
                0x00001036                xMBRTUTransmitFSM
 .text.xMBRTUTimerT35Expired
                0x000010aa       0x30 mbrtu.o
                0x000010aa                xMBRTUTimerT35Expired
 .text.prveMBError2Exception
                0x000010da       0x1c mbutils.o
                0x000010da                prveMBError2Exception
 .text.xMBPortEventInit
                0x000010f6        0x8 portevent.o
                0x000010f6                xMBPortEventInit
 .text.xMBPortEventPost
                0x000010fe        0xe portevent.o
                0x000010fe                xMBPortEventPost
 .text.xMBPortEventGet
                0x0000110c       0x1c portevent.o
                0x0000110c                xMBPortEventGet
 .text.vMBPortSerialEnable
                0x00001128       0x24 portserial.o
                0x00001128                vMBPortSerialEnable
 .text.xMBPortSerialInit
                0x0000114c       0x74 portserial.o
                0x0000114c                xMBPortSerialInit
 .text.xMBPortSerialPutByte
                0x000011c0        0x6 portserial.o
                0x000011c0                xMBPortSerialPutByte
 .text.xMBPortSerialGetByte
                0x000011c6        0xa portserial.o
                0x000011c6                xMBPortSerialGetByte
 .text.__vector_19
                0x000011d0       0x56 portserial.o
                0x000011d0                __vector_19
 .text.__vector_18
                0x00001226       0x56 portserial.o
                0x00001226                __vector_18
 .text.xMBPortTimersInit
                0x0000127c       0x38 porttimer.o
                0x0000127c                xMBPortTimersInit
 .text.vMBPortTimersEnable
                0x000012b4       0x2a porttimer.o
                0x000012b4                vMBPortTimersEnable
 .text.vMBPortTimersDisable
                0x000012de       0x14 porttimer.o
                0x000012de                vMBPortTimersDisable
 .text.__vector_12
                0x000012f2       0x56 porttimer.o
                0x000012f2                __vector_12
 .text.libgcc.div
                0x00001348       0x44 c:/program files (x86)/atmel/atmel toolchain/avr8 gcc/native/3.4.1061/avr8-gnu-toolchain/bin/../lib/gcc/avr/4.8.1/avr51\libgcc.a(_udivmodsi4.o)
                0x00001348                __udivmodsi4
 .text.libgcc.mul
                0x0000138c       0x1e c:/program files (x86)/atmel/atmel toolchain/avr8 gcc/native/3.4.1061/avr8-gnu-toolchain/bin/../lib/gcc/avr/4.8.1/avr51\libgcc.a(_umulhisi3.o)
                0x0000138c                __umulhisi3
 .text.avr-libc
                0x000013aa       0x12 c:/program files (x86)/atmel/atmel toolchain/avr8 gcc/native/3.4.1061/avr8-gnu-toolchain/bin/../lib/gcc/avr/4.8.1/../../../../avr/lib/avr51\libc.a(memcpy.o)
                0x000013aa                memcpy
                0x000013bc                . = ALIGN (0x2)
 *(.fini9)
 .fini9         0x000013bc        0x0 c:/program files (x86)/atmel/atmel toolchain/avr8 gcc/native/3.4.1061/avr8-gnu-toolchain/bin/../lib/gcc/avr/4.8.1/avr51\libgcc.a(_exit.o)
                0x000013bc                _exit
                0x000013bc                exit
 *(.fini9)
 *(.fini8)
 *(.fini8)
 *(.fini7)
 *(.fini7)
 *(.fini6)
 *(.fini6)
 *(.fini5)
 *(.fini5)
 *(.fini4)
 *(.fini4)
 *(.fini3)
 *(.fini3)
 *(.fini2)
 *(.fini2)
 *(.fini1)
 *(.fini1)
 *(.fini0)
 .fini0         0x000013bc        0x4 c:/program files (x86)/atmel/atmel toolchain/avr8 gcc/native/3.4.1061/avr8-gnu-toolchain/bin/../lib/gcc/avr/4.8.1/avr51\libgcc.a(_exit.o)
 *(.fini0)
                0x000013c0                _etext = .

.data           0x00800100      0x232 load address 0x000013c0
                0x00800100                PROVIDE (__data_start, .)
 *(.data)
 *(.data*)
 .data.xFuncHandlers
                0x00800100       0x30 mb.o
 .data.eMBState
                0x00800130        0x1 mb.o
 *(.rodata)
 *(.rodata*)
 .rodata.aucCRCLo
                0x00800131      0x100 mbcrc.o
 .rodata.aucCRCHi
                0x00800231      0x100 mbcrc.o
 *(.gnu.linkonce.d*)
                0x00800332                . = ALIGN (0x2)
 *fill*         0x00800331        0x1 
                0x00800332                _edata = .
                0x00800332                PROVIDE (__data_end, .)

.bss            0x00800332      0x15d
                0x00800332                PROVIDE (__bss_start, .)
 *(.bss)
 *(.bss*)
 .bss.usRegInputBuf
                0x00800332        0x8 demo.o
 .bss.eException.2045
                0x0080033a        0x1 mb.o
 .bss.ucFunctionCode.2043
                0x0080033b        0x1 mb.o
 .bss.usLength.2044
                0x0080033c        0x2 mb.o
 .bss.ucMBFrame.2041
                0x0080033e        0x2 mb.o
 .bss.ucRcvAddress.2042
                0x00800340        0x1 mb.o
 .bss.pvMBFrameCloseCur
                0x00800341        0x2 mb.o
 .bss.peMBFrameReceiveCur
                0x00800343        0x2 mb.o
 .bss.pvMBFrameStopCur
                0x00800345        0x2 mb.o
 .bss.pvMBFrameStartCur
                0x00800347        0x2 mb.o
 .bss.peMBFrameSendCur
                0x00800349        0x2 mb.o
 .bss.eMBCurrentMode
                0x0080034b        0x1 mb.o
 .bss.ucMBAddress
                0x0080034c        0x1 mb.o
 .bss.ucMBLFCharacter
                0x0080034d        0x1 mbascii.o
 .bss.usSndBufferCount
                0x0080034e        0x2 mbascii.o
 .bss.pucSndBufferCur
                0x00800350        0x2 mbascii.o
 .bss.eBytePos  0x00800352        0x1 mbascii.o
 .bss.usRcvBufferPos
                0x00800353        0x2 mbascii.o
 .bss.eRcvState
                0x00800355        0x1 mbascii.o
 .bss.eSndState
                0x00800356        0x1 mbascii.o
 .bss.usMBSlaveIDLen
                0x00800357        0x2 mbfuncother.o
 .bss.ucMBSlaveID
                0x00800359       0x20 mbfuncother.o
 .bss.usRcvBufferPos
                0x00800379        0x2 mbrtu.o
 .bss.usSndBufferCount
                0x0080037b        0x2 mbrtu.o
 .bss.pucSndBufferCur
                0x0080037d        0x2 mbrtu.o
 .bss.eRcvState
                0x0080037f        0x1 mbrtu.o
 .bss.eSndState
                0x00800380        0x1 mbrtu.o
 .bss.xEventInQueue
                0x00800381        0x1 portevent.o
 .bss.eQueuedEvent
                0x00800382        0x1 portevent.o
 .bss.usTimerOCRADelta
                0x00800383        0x2 porttimer.o
 *(COMMON)
 COMMON         0x00800385        0xa mb.o
                0x00800385                pxMBFrameCBTransmitterEmpty
                0x00800387                pxMBPortCBTimerExpired
                0x00800389                pxMBFrameCBByteReceived
                0x0080038b                pxMBFrameCBTransmitFSMCur
                0x0080038d                pxMBFrameCBReceiveFSMCur
 COMMON         0x0080038f      0x100 mbrtu.o
                0x0080038f                ucRTUBuf
                0x0080048f                PROVIDE (__bss_end, .)
                0x000013c0                __data_load_start = LOADADDR (.data)
                0x000015f2                __data_load_end = (__data_load_start + SIZEOF (.data))

.noinit         0x0080048f        0x0
                0x0080048f                PROVIDE (__noinit_start, .)
 *(.noinit*)
                0x0080048f                PROVIDE (__noinit_end, .)
                0x0080048f                _end = .
                0x0080048f                PROVIDE (__heap_start, .)

.eeprom         0x00810000        0x0
 *(.eeprom*)
                0x00810000                __eeprom_end = .

.fuse
 *(.fuse)
 *(.lfuse)
 *(.hfuse)
 *(.efuse)

.lock
 *(.lock*)

.signature
 *(.signature*)

.user_signatures
 *(.user_signatures*)

.stab
 *(.stab)

.stabstr
 *(.stabstr)

.stab.excl
 *(.stab.excl)

.stab.exclstr
 *(.stab.exclstr)

.stab.index
 *(.stab.index)

.stab.indexstr
 *(.stab.indexstr)

.comment        0x00000000       0x30
 *(.comment)
 .comment       0x00000000       0x30 demo.o
                                 0x31 (size before relaxing)
 .comment       0x00000000       0x31 mb.o
 .comment       0x00000000       0x31 mbascii.o
 .comment       0x00000000       0x31 mbcrc.o
 .comment       0x00000000       0x31 mbfunccoils.o
 .comment       0x00000000       0x31 mbfuncdisc.o
 .comment       0x00000000       0x31 mbfuncholding.o
 .comment       0x00000000       0x31 mbfuncinput.o
 .comment       0x00000000       0x31 mbfuncother.o
 .comment       0x00000000       0x31 mbrtu.o
 .comment       0x00000000       0x31 mbutils.o
 .comment       0x00000000       0x31 portevent.o
 .comment       0x00000000       0x31 portserial.o
 .comment       0x00000000       0x31 porttimer.o

.note.gnu.build-id
 *(.note.gnu.build-id)

.debug
 *(.debug)

.line
 *(.line)

.debug_srcinfo
 *(.debug_srcinfo)

.debug_sfnames
 *(.debug_sfnames)

.debug_aranges  0x00000000      0x308
 *(.debug_aranges)
 .debug_aranges
                0x00000000       0x40 demo.o
 .debug_aranges
                0x00000040       0x48 mb.o
 .debug_aranges
                0x00000088       0x58 mbascii.o
 .debug_aranges
                0x000000e0       0x20 mbcrc.o
 .debug_aranges
                0x00000100       0x30 mbfunccoils.o
 .debug_aranges
                0x00000130       0x20 mbfuncdisc.o
 .debug_aranges
                0x00000150       0x38 mbfuncholding.o
 .debug_aranges
                0x00000188       0x20 mbfuncinput.o
 .debug_aranges
                0x000001a8       0x28 mbfuncother.o
 .debug_aranges
                0x000001d0       0x58 mbrtu.o
 .debug_aranges
                0x00000228       0x30 mbutils.o
 .debug_aranges
                0x00000258       0x30 portevent.o
 .debug_aranges
                0x00000288       0x48 portserial.o
 .debug_aranges
                0x000002d0       0x38 porttimer.o

.debug_pubnames
 *(.debug_pubnames)

.debug_info     0x00000000     0x3253
 *(.debug_info .gnu.linkonce.wi.*)
 .debug_info    0x00000000      0x445 demo.o
 .debug_info    0x00000445      0x711 mb.o
 .debug_info    0x00000b56      0x832 mbascii.o
 .debug_info    0x00001388      0x140 mbcrc.o
 .debug_info    0x000014c8      0x3cb mbfunccoils.o
 .debug_info    0x00001893      0x220 mbfuncdisc.o
 .debug_info    0x00001ab3      0x49d mbfuncholding.o
 .debug_info    0x00001f50      0x21c mbfuncinput.o
 .debug_info    0x0000216c      0x2b8 mbfuncother.o
 .debug_info    0x00002424      0x6b1 mbrtu.o
 .debug_info    0x00002ad5      0x289 mbutils.o
 .debug_info    0x00002d5e      0x15b portevent.o
 .debug_info    0x00002eb9      0x23d portserial.o
 .debug_info    0x000030f6      0x15d porttimer.o

.debug_abbrev   0x00000000     0x10d7
 *(.debug_abbrev)
 .debug_abbrev  0x00000000      0x154 demo.o
 .debug_abbrev  0x00000154      0x21b mb.o
 .debug_abbrev  0x0000036f      0x269 mbascii.o
 .debug_abbrev  0x000005d8       0xa4 mbcrc.o
 .debug_abbrev  0x0000067c      0x106 mbfunccoils.o
 .debug_abbrev  0x00000782       0xe5 mbfuncdisc.o
 .debug_abbrev  0x00000867      0x101 mbfuncholding.o
 .debug_abbrev  0x00000968       0xe5 mbfuncinput.o
 .debug_abbrev  0x00000a4d       0xf7 mbfuncother.o
 .debug_abbrev  0x00000b44      0x1c4 mbrtu.o
 .debug_abbrev  0x00000d08       0xf1 mbutils.o
 .debug_abbrev  0x00000df9       0xbb portevent.o
 .debug_abbrev  0x00000eb4      0x120 portserial.o
 .debug_abbrev  0x00000fd4      0x103 porttimer.o

.debug_line     0x00000000     0x1be9
 *(.debug_line .debug_line.* .debug_line_end)
 .debug_line    0x00000000      0x174 demo.o
 .debug_line    0x00000174      0x3b0 mb.o
 .debug_line    0x00000524      0x4ac mbascii.o
 .debug_line    0x000009d0       0x87 mbcrc.o
 .debug_line    0x00000a57      0x247 mbfunccoils.o
 .debug_line    0x00000c9e      0x11f mbfuncdisc.o
 .debug_line    0x00000dbd      0x2dd mbfuncholding.o
 .debug_line    0x0000109a      0x113 mbfuncinput.o
 .debug_line    0x000011ad      0x167 mbfuncother.o
 .debug_line    0x00001314      0x303 mbrtu.o
 .debug_line    0x00001617      0x149 mbutils.o
 .debug_line    0x00001760      0x109 portevent.o
 .debug_line    0x00001869      0x1ed portserial.o
 .debug_line    0x00001a56      0x193 porttimer.o

.debug_frame    0x00000000      0x6ec
 *(.debug_frame)
 .debug_frame   0x00000000       0x74 demo.o
 .debug_frame   0x00000074       0xa0 mb.o
 .debug_frame   0x00000114       0xb4 mbascii.o
 .debug_frame   0x000001c8       0x24 mbcrc.o
 .debug_frame   0x000001ec       0x70 mbfunccoils.o
 .debug_frame   0x0000025c       0x34 mbfuncdisc.o
 .debug_frame   0x00000290       0x9c mbfuncholding.o
 .debug_frame   0x0000032c       0x38 mbfuncinput.o
 .debug_frame   0x00000364       0x54 mbfuncother.o
 .debug_frame   0x000003b8       0xf0 mbrtu.o
 .debug_frame   0x000004a8       0x54 mbutils.o
 .debug_frame   0x000004fc       0x44 portevent.o
 .debug_frame   0x00000540      0x110 portserial.o
 .debug_frame   0x00000650       0x9c porttimer.o

.debug_str      0x00000000      0xe98
 *(.debug_str)
 .debug_str     0x00000000      0x2f8 demo.o
                                0x331 (size before relaxing)
 .debug_str     0x000002f8      0x39f mb.o
                                0x60e (size before relaxing)
 .debug_str     0x00000697      0x2b8 mbascii.o
                                0x553 (size before relaxing)
 .debug_str     0x0000094f       0x30 mbcrc.o
                                0x1b4 (size before relaxing)
 .debug_str     0x0000097f       0xcc mbfunccoils.o
                                0x3cf (size before relaxing)
 .debug_str     0x00000a4b       0x3a mbfuncdisc.o
                                0x351 (size before relaxing)
 .debug_str     0x00000a85      0x108 mbfuncholding.o
                                0x43e (size before relaxing)
 .debug_str     0x00000b8d       0x2c mbfuncinput.o
                                0x342 (size before relaxing)
 .debug_str     0x00000bb9       0x7a mbfuncother.o
                                0x363 (size before relaxing)
 .debug_str     0x00000c33       0xd8 mbrtu.o
                                0x4c8 (size before relaxing)
 .debug_str     0x00000d0b       0x8f mbutils.o
                                0x359 (size before relaxing)
 .debug_str     0x00000d9a       0x3b portevent.o
                                0x209 (size before relaxing)
 .debug_str     0x00000dd5       0x68 portserial.o
                                0x298 (size before relaxing)
 .debug_str     0x00000e3d       0x5b porttimer.o
                                0x210 (size before relaxing)

.debug_loc      0x00000000     0x30b5
 *(.debug_loc)
 .debug_loc     0x00000000      0x207 demo.o
 .debug_loc     0x00000207      0x51c mb.o
 .debug_loc     0x00000723      0x580 mbascii.o
 .debug_loc     0x00000ca3      0x163 mbcrc.o
 .debug_loc     0x00000e06      0x682 mbfunccoils.o
 .debug_loc     0x00001488      0x23e mbfuncdisc.o
 .debug_loc     0x000016c6      0x8ae mbfuncholding.o
 .debug_loc     0x00001f74      0x22d mbfuncinput.o
 .debug_loc     0x000021a1      0x246 mbfuncother.o
 .debug_loc     0x000023e7      0x4fb mbrtu.o
 .debug_loc     0x000028e2      0x32b mbutils.o
 .debug_loc     0x00002c0d       0x9f portevent.o
 .debug_loc     0x00002cac      0x318 portserial.o
 .debug_loc     0x00002fc4       0xf1 porttimer.o

.debug_macinfo
 *(.debug_macinfo)

.debug_weaknames
 *(.debug_weaknames)

.debug_funcnames
 *(.debug_funcnames)

.debug_typenames
 *(.debug_typenames)

.debug_varnames
 *(.debug_varnames)

.debug_pubtypes
 *(.debug_pubtypes)

.debug_ranges   0x00000000      0x228
 *(.debug_ranges)
 .debug_ranges  0x00000000       0x30 demo.o
 .debug_ranges  0x00000030       0x38 mb.o
 .debug_ranges  0x00000068       0x48 mbascii.o
 .debug_ranges  0x000000b0       0x10 mbcrc.o
 .debug_ranges  0x000000c0       0x20 mbfunccoils.o
 .debug_ranges  0x000000e0       0x10 mbfuncdisc.o
 .debug_ranges  0x000000f0       0x28 mbfuncholding.o
 .debug_ranges  0x00000118       0x10 mbfuncinput.o
 .debug_ranges  0x00000128       0x18 mbfuncother.o
 .debug_ranges  0x00000140       0x48 mbrtu.o
 .debug_ranges  0x00000188       0x20 mbutils.o
 .debug_ranges  0x000001a8       0x20 portevent.o
 .debug_ranges  0x000001c8       0x38 portserial.o
 .debug_ranges  0x00000200       0x28 porttimer.o

.debug_macro
 *(.debug_macro)
OUTPUT(juma.elf elf32-avr)
LOAD linker stubs
